[    0.000000] Initializing cgroup subsys cpuset
[    0.000000] Initializing cgroup subsys cpu
[    0.000000] Initializing cgroup subsys cpuacct
[    0.000000] Linux version 3.19.0-25-generic (buildd@lgw01-20) (gcc version 4.8.2 (Ubuntu 4.8.2-19ubuntu1) ) #26~14.04.1-Ubuntu SMP Fri Jul 24 21:16:20 UTC 2015 (Ubuntu 3.19.0-25.26~14.04.1-generic 3.19.8-ckt2)
[    0.000000] Command line: BOOT_IMAGE=/boot/vmlinuz-3.19.0-25-generic root=UUID=95e61a29-d681-40f3-9287-1b3c4dc89ca9 ro find_preseed=/preseed.cfg auto noprompt priority=critical locale=en_US quiet
[    0.000000] KERNEL supported cpus:
[    0.000000]   Intel GenuineIntel
[    0.000000]   AMD AuthenticAMD
[    0.000000]   Centaur CentaurHauls
[    0.000000] Disabled fast string operations
[    0.000000] e820: BIOS-provided physical RAM map:
[    0.000000] BIOS-e820: [mem 0x0000000000000000-0x000000000009e7ff] usable
[    0.000000] BIOS-e820: [mem 0x000000000009e800-0x000000000009ffff] reserved
[    0.000000] BIOS-e820: [mem 0x00000000000dc000-0x00000000000fffff] reserved
[    0.000000] BIOS-e820: [mem 0x0000000000100000-0x000000007fedffff] usable
[    0.000000] BIOS-e820: [mem 0x000000007fee0000-0x000000007fefefff] ACPI data
[    0.000000] BIOS-e820: [mem 0x000000007feff000-0x000000007fefffff] ACPI NVS
[    0.000000] BIOS-e820: [mem 0x000000007ff00000-0x000000007fffffff] usable
[    0.000000] BIOS-e820: [mem 0x00000000f0000000-0x00000000f7ffffff] reserved
[    0.000000] BIOS-e820: [mem 0x00000000fec00000-0x00000000fec0ffff] reserved
[    0.000000] BIOS-e820: [mem 0x00000000fee00000-0x00000000fee00fff] reserved
[    0.000000] BIOS-e820: [mem 0x00000000fffe0000-0x00000000ffffffff] reserved
[    0.000000] NX (Execute Disable) protection: active
[    0.000000] SMBIOS 2.7 present.
[    0.000000] DMI: VMware, Inc. VMware Virtual Platform/440BX Desktop Reference Platform, BIOS 6.00 07/02/2015
[    0.000000] Hypervisor detected: VMware
[    0.000000] e820: update [mem 0x00000000-0x00000fff] usable ==> reserved
[    0.000000] e820: remove [mem 0x000a0000-0x000fffff] usable
[    0.000000] AGP: No AGP bridge found
[    0.000000] e820: last_pfn = 0x80000 max_arch_pfn = 0x400000000
[    0.000000] MTRR default type: uncachable
[    0.000000] MTRR fixed ranges enabled:
[    0.000000]   00000-9FFFF write-back
[    0.000000]   A0000-BFFFF uncachable
[    0.000000]   C0000-CFFFF write-protect
[    0.000000]   D0000-EFFFF uncachable
[    0.000000]   F0000-FFFFF write-protect
[    0.000000] MTRR variable ranges enabled:
[    0.000000]   0 base 000C0000000 mask 3FFC0000000 uncachable
[    0.000000]   1 base 00000000000 mask 3FF00000000 write-back
[    0.000000]   2 disabled
[    0.000000]   3 disabled
[    0.000000]   4 disabled
[    0.000000]   5 disabled
[    0.000000]   6 disabled
[    0.000000]   7 disabled
[    0.000000] PAT configuration [0-7]: WB  WC  UC- UC  WB  WC  UC- UC  
[    0.000000] original variable MTRRs
[    0.000000] reg 0, base: 3GB, range: 1GB, type UC
[    0.000000] reg 1, base: 0GB, range: 4GB, type WB
[    0.000000] total RAM covered: 3072M
[    0.000000] Found optimal setting for mtrr clean up
[    0.000000]  gran_size: 64K 	chunk_size: 64K 	num_reg: 2  	lose cover RAM: 0G
[    0.000000] New variable MTRRs
[    0.000000] reg 0, base: 0GB, range: 2GB, type WB
[    0.000000] reg 1, base: 2GB, range: 1GB, type WB
[    0.000000] found SMP MP-table at [mem 0x000f6a80-0x000f6a8f] mapped at [ffff8800000f6a80]
[    0.000000] Scanning 1 areas for low memory corruption
[    0.000000] Base memory trampoline at [ffff880000098000] 98000 size 24576
[    0.000000] Using GB pages for direct mapping
[    0.000000] init_memory_mapping: [mem 0x00000000-0x000fffff]
[    0.000000]  [mem 0x00000000-0x000fffff] page 4k
[    0.000000] BRK [0x01fd5000, 0x01fd5fff] PGTABLE
[    0.000000] BRK [0x01fd6000, 0x01fd6fff] PGTABLE
[    0.000000] BRK [0x01fd7000, 0x01fd7fff] PGTABLE
[    0.000000] init_memory_mapping: [mem 0x7fc00000-0x7fdfffff]
[    0.000000]  [mem 0x7fc00000-0x7fdfffff] page 2M
[    0.000000] BRK [0x01fd8000, 0x01fd8fff] PGTABLE
[    0.000000] init_memory_mapping: [mem 0x60000000-0x7fbfffff]
[    0.000000]  [mem 0x60000000-0x7fbfffff] page 2M
[    0.000000] init_memory_mapping: [mem 0x40000000-0x5fffffff]
[    0.000000]  [mem 0x40000000-0x5fffffff] page 2M
[    0.000000] init_memory_mapping: [mem 0x00100000-0x3fffffff]
[    0.000000]  [mem 0x00100000-0x001fffff] page 4k
[    0.000000]  [mem 0x00200000-0x3fffffff] page 2M
[    0.000000] init_memory_mapping: [mem 0x7fe00000-0x7fedffff]
[    0.000000]  [mem 0x7fe00000-0x7fedffff] page 4k
[    0.000000] BRK [0x01fd9000, 0x01fd9fff] PGTABLE
[    0.000000] init_memory_mapping: [mem 0x7ff00000-0x7fffffff]
[    0.000000]  [mem 0x7ff00000-0x7fffffff] page 4k
[    0.000000] RAMDISK: [mem 0x35a2e000-0x36d0efff]
[    0.000000] ACPI: Early table checksum verification disabled
[    0.000000] ACPI: RSDP 0x00000000000F6A10 000024 (v02 PTLTD )
[    0.000000] ACPI: XSDT 0x000000007FEEA633 00005C (v01 INTEL  440BX    06040000 VMW  01324272)
[    0.000000] ACPI: FACP 0x000000007FEFEE73 0000F4 (v04 INTEL  440BX    06040000 PTL  000F4240)
[    0.000000] ACPI: DSDT 0x000000007FEEC0AF 012DC4 (v01 PTLTD  Custom   06040000 MSFT 03000001)
[    0.000000] ACPI: FACS 0x000000007FEFFFC0 000040
[    0.000000] ACPI: BOOT 0x000000007FEEC087 000028 (v01 PTLTD  $SBFTBL$ 06040000  LTP 00000001)
[    0.000000] ACPI: APIC 0x000000007FEEB8BD 000742 (v01 PTLTD  ? APIC   06040000  LTP 00000000)
[    0.000000] ACPI: MCFG 0x000000007FEEB881 00003C (v01 PTLTD  $PCITBL$ 06040000  LTP 00000001)
[    0.000000] ACPI: SRAT 0x000000007FEEA72F 0008D0 (v02 VMWARE MEMPLUG  06040000 VMW  00000001)
[    0.000000] ACPI: HPET 0x000000007FEEA6F7 000038 (v01 VMWARE VMW HPET 06040000 VMW  00000001)
[    0.000000] ACPI: WAET 0x000000007FEEA6CF 000028 (v01 VMWARE VMW WAET 06040000 VMW  00000001)
[    0.000000] ACPI: Local APIC address 0xfee00000
[    0.000000] system APIC only can use physical flat
[    0.000000] Setting APIC routing to physical flat.
[    0.000000] SRAT: PXM 0 -> APIC 0x00 -> Node 0
[    0.000000] SRAT: PXM 0 -> APIC 0x02 -> Node 0
[    0.000000] SRAT: PXM 0 -> APIC 0x04 -> Node 0
[    0.000000] SRAT: PXM 0 -> APIC 0x06 -> Node 0
[    0.000000] SRAT: PXM 0 -> APIC 0x08 -> Node 0
[    0.000000] SRAT: PXM 0 -> APIC 0x0a -> Node 0
[    0.000000] SRAT: PXM 0 -> APIC 0x0c -> Node 0
[    0.000000] SRAT: PXM 0 -> APIC 0x0e -> Node 0
[    0.000000] SRAT: PXM 0 -> APIC 0x10 -> Node 0
[    0.000000] SRAT: PXM 0 -> APIC 0x12 -> Node 0
[    0.000000] SRAT: PXM 0 -> APIC 0x14 -> Node 0
[    0.000000] SRAT: PXM 0 -> APIC 0x16 -> Node 0
[    0.000000] SRAT: PXM 0 -> APIC 0x18 -> Node 0
[    0.000000] SRAT: PXM 0 -> APIC 0x1a -> Node 0
[    0.000000] SRAT: PXM 0 -> APIC 0x1c -> Node 0
[    0.000000] SRAT: PXM 0 -> APIC 0x1e -> Node 0
[    0.000000] SRAT: PXM 0 -> APIC 0x20 -> Node 0
[    0.000000] SRAT: PXM 0 -> APIC 0x22 -> Node 0
[    0.000000] SRAT: PXM 0 -> APIC 0x24 -> Node 0
[    0.000000] SRAT: PXM 0 -> APIC 0x26 -> Node 0
[    0.000000] SRAT: PXM 0 -> APIC 0x28 -> Node 0
[    0.000000] SRAT: PXM 0 -> APIC 0x2a -> Node 0
[    0.000000] SRAT: PXM 0 -> APIC 0x2c -> Node 0
[    0.000000] SRAT: PXM 0 -> APIC 0x2e -> Node 0
[    0.000000] SRAT: PXM 0 -> APIC 0x30 -> Node 0
[    0.000000] SRAT: PXM 0 -> APIC 0x32 -> Node 0
[    0.000000] SRAT: PXM 0 -> APIC 0x34 -> Node 0
[    0.000000] SRAT: PXM 0 -> APIC 0x36 -> Node 0
[    0.000000] SRAT: PXM 0 -> APIC 0x38 -> Node 0
[    0.000000] SRAT: PXM 0 -> APIC 0x3a -> Node 0
[    0.000000] SRAT: PXM 0 -> APIC 0x3c -> Node 0
[    0.000000] SRAT: PXM 0 -> APIC 0x3e -> Node 0
[    0.000000] SRAT: PXM 0 -> APIC 0x40 -> Node 0
[    0.000000] SRAT: PXM 0 -> APIC 0x42 -> Node 0
[    0.000000] SRAT: PXM 0 -> APIC 0x44 -> Node 0
[    0.000000] SRAT: PXM 0 -> APIC 0x46 -> Node 0
[    0.000000] SRAT: PXM 0 -> APIC 0x48 -> Node 0
[    0.000000] SRAT: PXM 0 -> APIC 0x4a -> Node 0
[    0.000000] SRAT: PXM 0 -> APIC 0x4c -> Node 0
[    0.000000] SRAT: PXM 0 -> APIC 0x4e -> Node 0
[    0.000000] SRAT: PXM 0 -> APIC 0x50 -> Node 0
[    0.000000] SRAT: PXM 0 -> APIC 0x52 -> Node 0
[    0.000000] SRAT: PXM 0 -> APIC 0x54 -> Node 0
[    0.000000] SRAT: PXM 0 -> APIC 0x56 -> Node 0
[    0.000000] SRAT: PXM 0 -> APIC 0x58 -> Node 0
[    0.000000] SRAT: PXM 0 -> APIC 0x5a -> Node 0
[    0.000000] SRAT: PXM 0 -> APIC 0x5c -> Node 0
[    0.000000] SRAT: PXM 0 -> APIC 0x5e -> Node 0
[    0.000000] SRAT: PXM 0 -> APIC 0x60 -> Node 0
[    0.000000] SRAT: PXM 0 -> APIC 0x62 -> Node 0
[    0.000000] SRAT: PXM 0 -> APIC 0x64 -> Node 0
[    0.000000] SRAT: PXM 0 -> APIC 0x66 -> Node 0
[    0.000000] SRAT: PXM 0 -> APIC 0x68 -> Node 0
[    0.000000] SRAT: PXM 0 -> APIC 0x6a -> Node 0
[    0.000000] SRAT: PXM 0 -> APIC 0x6c -> Node 0
[    0.000000] SRAT: PXM 0 -> APIC 0x6e -> Node 0
[    0.000000] SRAT: PXM 0 -> APIC 0x70 -> Node 0
[    0.000000] SRAT: PXM 0 -> APIC 0x72 -> Node 0
[    0.000000] SRAT: PXM 0 -> APIC 0x74 -> Node 0
[    0.000000] SRAT: PXM 0 -> APIC 0x76 -> Node 0
[    0.000000] SRAT: PXM 0 -> APIC 0x78 -> Node 0
[    0.000000] SRAT: PXM 0 -> APIC 0x7a -> Node 0
[    0.000000] SRAT: PXM 0 -> APIC 0x7c -> Node 0
[    0.000000] SRAT: PXM 0 -> APIC 0x7e -> Node 0
[    0.000000] SRAT: PXM 0 -> APIC 0x80 -> Node 0
[    0.000000] SRAT: PXM 0 -> APIC 0x82 -> Node 0
[    0.000000] SRAT: PXM 0 -> APIC 0x84 -> Node 0
[    0.000000] SRAT: PXM 0 -> APIC 0x86 -> Node 0
[    0.000000] SRAT: PXM 0 -> APIC 0x88 -> Node 0
[    0.000000] SRAT: PXM 0 -> APIC 0x8a -> Node 0
[    0.000000] SRAT: PXM 0 -> APIC 0x8c -> Node 0
[    0.000000] SRAT: PXM 0 -> APIC 0x8e -> Node 0
[    0.000000] SRAT: PXM 0 -> APIC 0x90 -> Node 0
[    0.000000] SRAT: PXM 0 -> APIC 0x92 -> Node 0
[    0.000000] SRAT: PXM 0 -> APIC 0x94 -> Node 0
[    0.000000] SRAT: PXM 0 -> APIC 0x96 -> Node 0
[    0.000000] SRAT: PXM 0 -> APIC 0x98 -> Node 0
[    0.000000] SRAT: PXM 0 -> APIC 0x9a -> Node 0
[    0.000000] SRAT: PXM 0 -> APIC 0x9c -> Node 0
[    0.000000] SRAT: PXM 0 -> APIC 0x9e -> Node 0
[    0.000000] SRAT: PXM 0 -> APIC 0xa0 -> Node 0
[    0.000000] SRAT: PXM 0 -> APIC 0xa2 -> Node 0
[    0.000000] SRAT: PXM 0 -> APIC 0xa4 -> Node 0
[    0.000000] SRAT: PXM 0 -> APIC 0xa6 -> Node 0
[    0.000000] SRAT: PXM 0 -> APIC 0xa8 -> Node 0
[    0.000000] SRAT: PXM 0 -> APIC 0xaa -> Node 0
[    0.000000] SRAT: PXM 0 -> APIC 0xac -> Node 0
[    0.000000] SRAT: PXM 0 -> APIC 0xae -> Node 0
[    0.000000] SRAT: PXM 0 -> APIC 0xb0 -> Node 0
[    0.000000] SRAT: PXM 0 -> APIC 0xb2 -> Node 0
[    0.000000] SRAT: PXM 0 -> APIC 0xb4 -> Node 0
[    0.000000] SRAT: PXM 0 -> APIC 0xb6 -> Node 0
[    0.000000] SRAT: PXM 0 -> APIC 0xb8 -> Node 0
[    0.000000] SRAT: PXM 0 -> APIC 0xba -> Node 0
[    0.000000] SRAT: PXM 0 -> APIC 0xbc -> Node 0
[    0.000000] SRAT: PXM 0 -> APIC 0xbe -> Node 0
[    0.000000] SRAT: PXM 0 -> APIC 0xc0 -> Node 0
[    0.000000] SRAT: PXM 0 -> APIC 0xc2 -> Node 0
[    0.000000] SRAT: PXM 0 -> APIC 0xc4 -> Node 0
[    0.000000] SRAT: PXM 0 -> APIC 0xc6 -> Node 0
[    0.000000] SRAT: PXM 0 -> APIC 0xc8 -> Node 0
[    0.000000] SRAT: PXM 0 -> APIC 0xca -> Node 0
[    0.000000] SRAT: PXM 0 -> APIC 0xcc -> Node 0
[    0.000000] SRAT: PXM 0 -> APIC 0xce -> Node 0
[    0.000000] SRAT: PXM 0 -> APIC 0xd0 -> Node 0
[    0.000000] SRAT: PXM 0 -> APIC 0xd2 -> Node 0
[    0.000000] SRAT: PXM 0 -> APIC 0xd4 -> Node 0
[    0.000000] SRAT: PXM 0 -> APIC 0xd6 -> Node 0
[    0.000000] SRAT: PXM 0 -> APIC 0xd8 -> Node 0
[    0.000000] SRAT: PXM 0 -> APIC 0xda -> Node 0
[    0.000000] SRAT: PXM 0 -> APIC 0xdc -> Node 0
[    0.000000] SRAT: PXM 0 -> APIC 0xde -> Node 0
[    0.000000] SRAT: PXM 0 -> APIC 0xe0 -> Node 0
[    0.000000] SRAT: PXM 0 -> APIC 0xe2 -> Node 0
[    0.000000] SRAT: PXM 0 -> APIC 0xe4 -> Node 0
[    0.000000] SRAT: PXM 0 -> APIC 0xe6 -> Node 0
[    0.000000] SRAT: PXM 0 -> APIC 0xe8 -> Node 0
[    0.000000] SRAT: PXM 0 -> APIC 0xea -> Node 0
[    0.000000] SRAT: PXM 0 -> APIC 0xec -> Node 0
[    0.000000] SRAT: PXM 0 -> APIC 0xee -> Node 0
[    0.000000] SRAT: PXM 0 -> APIC 0xf0 -> Node 0
[    0.000000] SRAT: PXM 0 -> APIC 0xf2 -> Node 0
[    0.000000] SRAT: PXM 0 -> APIC 0xf4 -> Node 0
[    0.000000] SRAT: PXM 0 -> APIC 0xf6 -> Node 0
[    0.000000] SRAT: PXM 0 -> APIC 0xf8 -> Node 0
[    0.000000] SRAT: PXM 0 -> APIC 0xfa -> Node 0
[    0.000000] SRAT: PXM 0 -> APIC 0xfc -> Node 0
[    0.000000] SRAT: PXM 0 -> APIC 0xfe -> Node 0
[    0.000000] SRAT: Node 0 PXM 0 [mem 0x00000000-0x0009ffff]
[    0.000000] SRAT: Node 0 PXM 0 [mem 0x00100000-0x0fffffff]
[    0.000000] SRAT: Node 0 PXM 0 [mem 0x10000000-0x7fffffff]
[    0.000000] SRAT: Node 0 PXM 0 [mem 0x80000000-0xbfffffff] hotplug
[    0.000000] NUMA: Node 0 [mem 0x00000000-0x0009ffff] + [mem 0x00100000-0x0fffffff] -> [mem 0x00000000-0x0fffffff]
[    0.000000] NUMA: Node 0 [mem 0x00000000-0x0fffffff] + [mem 0x10000000-0x7fffffff] -> [mem 0x00000000-0x7fffffff]
[    0.000000] NODE_DATA(0) allocated [mem 0x7fffb000-0x7fffffff]
[    0.000000]  [ffffea0000000000-ffffea0001ffffff] PMD -> [ffff88007d600000-ffff88007f5fffff] on node 0
[    0.000000] Zone ranges:
[    0.000000]   DMA      [mem 0x00001000-0x00ffffff]
[    0.000000]   DMA32    [mem 0x01000000-0x7fffffff]
[    0.000000]   Normal   empty
[    0.000000] Movable zone start for each node
[    0.000000] Early memory node ranges
[    0.000000]   node   0: [mem 0x00001000-0x0009dfff]
[    0.000000]   node   0: [mem 0x00100000-0x7fedffff]
[    0.000000]   node   0: [mem 0x7ff00000-0x7fffffff]
[    0.000000] Initmem setup node 0 [mem 0x00001000-0x7fffffff]
[    0.000000] On node 0 totalpages: 524157
[    0.000000]   DMA zone: 64 pages used for memmap
[    0.000000]   DMA zone: 21 pages reserved
[    0.000000]   DMA zone: 3997 pages, LIFO batch:0
[    0.000000]   DMA32 zone: 8128 pages used for memmap
[    0.000000]   DMA32 zone: 520160 pages, LIFO batch:31
[    0.000000] ACPI: PM-Timer IO Port: 0x1008
[    0.000000] ACPI: Local APIC address 0xfee00000
[    0.000000] system APIC only can use physical flat
[    0.000000] ACPI: LAPIC (acpi_id[0x00] lapic_id[0x00] enabled)
[    0.000000] ACPI: LAPIC (acpi_id[0x01] lapic_id[0x02] disabled)
[    0.000000] ACPI: LAPIC (acpi_id[0x02] lapic_id[0x04] disabled)
[    0.000000] ACPI: LAPIC (acpi_id[0x03] lapic_id[0x06] disabled)
[    0.000000] ACPI: LAPIC (acpi_id[0x04] lapic_id[0x08] disabled)
[    0.000000] ACPI: LAPIC (acpi_id[0x05] lapic_id[0x0a] disabled)
[    0.000000] ACPI: LAPIC (acpi_id[0x06] lapic_id[0x0c] disabled)
[    0.000000] ACPI: LAPIC (acpi_id[0x07] lapic_id[0x0e] disabled)
[    0.000000] ACPI: LAPIC (acpi_id[0x08] lapic_id[0x10] disabled)
[    0.000000] ACPI: LAPIC (acpi_id[0x09] lapic_id[0x12] disabled)
[    0.000000] ACPI: LAPIC (acpi_id[0x0a] lapic_id[0x14] disabled)
[    0.000000] ACPI: LAPIC (acpi_id[0x0b] lapic_id[0x16] disabled)
[    0.000000] ACPI: LAPIC (acpi_id[0x0c] lapic_id[0x18] disabled)
[    0.000000] ACPI: LAPIC (acpi_id[0x0d] lapic_id[0x1a] disabled)
[    0.000000] ACPI: LAPIC (acpi_id[0x0e] lapic_id[0x1c] disabled)
[    0.000000] ACPI: LAPIC (acpi_id[0x0f] lapic_id[0x1e] disabled)
[    0.000000] ACPI: LAPIC (acpi_id[0x10] lapic_id[0x20] disabled)
[    0.000000] ACPI: LAPIC (acpi_id[0x11] lapic_id[0x22] disabled)
[    0.000000] ACPI: LAPIC (acpi_id[0x12] lapic_id[0x24] disabled)
[    0.000000] ACPI: LAPIC (acpi_id[0x13] lapic_id[0x26] disabled)
[    0.000000] ACPI: LAPIC (acpi_id[0x14] lapic_id[0x28] disabled)
[    0.000000] ACPI: LAPIC (acpi_id[0x15] lapic_id[0x2a] disabled)
[    0.000000] ACPI: LAPIC (acpi_id[0x16] lapic_id[0x2c] disabled)
[    0.000000] ACPI: LAPIC (acpi_id[0x17] lapic_id[0x2e] disabled)
[    0.000000] ACPI: LAPIC (acpi_id[0x18] lapic_id[0x30] disabled)
[    0.000000] ACPI: LAPIC (acpi_id[0x19] lapic_id[0x32] disabled)
[    0.000000] ACPI: LAPIC (acpi_id[0x1a] lapic_id[0x34] disabled)
[    0.000000] ACPI: LAPIC (acpi_id[0x1b] lapic_id[0x36] disabled)
[    0.000000] ACPI: LAPIC (acpi_id[0x1c] lapic_id[0x38] disabled)
[    0.000000] ACPI: LAPIC (acpi_id[0x1d] lapic_id[0x3a] disabled)
[    0.000000] ACPI: LAPIC (acpi_id[0x1e] lapic_id[0x3c] disabled)
[    0.000000] ACPI: LAPIC (acpi_id[0x1f] lapic_id[0x3e] disabled)
[    0.000000] ACPI: LAPIC (acpi_id[0x20] lapic_id[0x40] disabled)
[    0.000000] ACPI: LAPIC (acpi_id[0x21] lapic_id[0x42] disabled)
[    0.000000] ACPI: LAPIC (acpi_id[0x22] lapic_id[0x44] disabled)
[    0.000000] ACPI: LAPIC (acpi_id[0x23] lapic_id[0x46] disabled)
[    0.000000] ACPI: LAPIC (acpi_id[0x24] lapic_id[0x48] disabled)
[    0.000000] ACPI: LAPIC (acpi_id[0x25] lapic_id[0x4a] disabled)
[    0.000000] ACPI: LAPIC (acpi_id[0x26] lapic_id[0x4c] disabled)
[    0.000000] ACPI: LAPIC (acpi_id[0x27] lapic_id[0x4e] disabled)
[    0.000000] ACPI: LAPIC (acpi_id[0x28] lapic_id[0x50] disabled)
[    0.000000] ACPI: LAPIC (acpi_id[0x29] lapic_id[0x52] disabled)
[    0.000000] ACPI: LAPIC (acpi_id[0x2a] lapic_id[0x54] disabled)
[    0.000000] ACPI: LAPIC (acpi_id[0x2b] lapic_id[0x56] disabled)
[    0.000000] ACPI: LAPIC (acpi_id[0x2c] lapic_id[0x58] disabled)
[    0.000000] ACPI: LAPIC (acpi_id[0x2d] lapic_id[0x5a] disabled)
[    0.000000] ACPI: LAPIC (acpi_id[0x2e] lapic_id[0x5c] disabled)
[    0.000000] ACPI: LAPIC (acpi_id[0x2f] lapic_id[0x5e] disabled)
[    0.000000] ACPI: LAPIC (acpi_id[0x30] lapic_id[0x60] disabled)
[    0.000000] ACPI: LAPIC (acpi_id[0x31] lapic_id[0x62] disabled)
[    0.000000] ACPI: LAPIC (acpi_id[0x32] lapic_id[0x64] disabled)
[    0.000000] ACPI: LAPIC (acpi_id[0x33] lapic_id[0x66] disabled)
[    0.000000] ACPI: LAPIC (acpi_id[0x34] lapic_id[0x68] disabled)
[    0.000000] ACPI: LAPIC (acpi_id[0x35] lapic_id[0x6a] disabled)
[    0.000000] ACPI: LAPIC (acpi_id[0x36] lapic_id[0x6c] disabled)
[    0.000000] ACPI: LAPIC (acpi_id[0x37] lapic_id[0x6e] disabled)
[    0.000000] ACPI: LAPIC (acpi_id[0x38] lapic_id[0x70] disabled)
[    0.000000] ACPI: LAPIC (acpi_id[0x39] lapic_id[0x72] disabled)
[    0.000000] ACPI: LAPIC (acpi_id[0x3a] lapic_id[0x74] disabled)
[    0.000000] ACPI: LAPIC (acpi_id[0x3b] lapic_id[0x76] disabled)
[    0.000000] ACPI: LAPIC (acpi_id[0x3c] lapic_id[0x78] disabled)
[    0.000000] ACPI: LAPIC (acpi_id[0x3d] lapic_id[0x7a] disabled)
[    0.000000] ACPI: LAPIC (acpi_id[0x3e] lapic_id[0x7c] disabled)
[    0.000000] ACPI: LAPIC (acpi_id[0x3f] lapic_id[0x7e] disabled)
[    0.000000] ACPI: LAPIC (acpi_id[0x40] lapic_id[0x80] disabled)
[    0.000000] ACPI: LAPIC (acpi_id[0x41] lapic_id[0x82] disabled)
[    0.000000] ACPI: LAPIC (acpi_id[0x42] lapic_id[0x84] disabled)
[    0.000000] ACPI: LAPIC (acpi_id[0x43] lapic_id[0x86] disabled)
[    0.000000] ACPI: LAPIC (acpi_id[0x44] lapic_id[0x88] disabled)
[    0.000000] ACPI: LAPIC (acpi_id[0x45] lapic_id[0x8a] disabled)
[    0.000000] ACPI: LAPIC (acpi_id[0x46] lapic_id[0x8c] disabled)
[    0.000000] ACPI: LAPIC (acpi_id[0x47] lapic_id[0x8e] disabled)
[    0.000000] ACPI: LAPIC (acpi_id[0x48] lapic_id[0x90] disabled)
[    0.000000] ACPI: LAPIC (acpi_id[0x49] lapic_id[0x92] disabled)
[    0.000000] ACPI: LAPIC (acpi_id[0x4a] lapic_id[0x94] disabled)
[    0.000000] ACPI: LAPIC (acpi_id[0x4b] lapic_id[0x96] disabled)
[    0.000000] ACPI: LAPIC (acpi_id[0x4c] lapic_id[0x98] disabled)
[    0.000000] ACPI: LAPIC (acpi_id[0x4d] lapic_id[0x9a] disabled)
[    0.000000] ACPI: LAPIC (acpi_id[0x4e] lapic_id[0x9c] disabled)
[    0.000000] ACPI: LAPIC (acpi_id[0x4f] lapic_id[0x9e] disabled)
[    0.000000] ACPI: LAPIC (acpi_id[0x50] lapic_id[0xa0] disabled)
[    0.000000] ACPI: LAPIC (acpi_id[0x51] lapic_id[0xa2] disabled)
[    0.000000] ACPI: LAPIC (acpi_id[0x52] lapic_id[0xa4] disabled)
[    0.000000] ACPI: LAPIC (acpi_id[0x53] lapic_id[0xa6] disabled)
[    0.000000] ACPI: LAPIC (acpi_id[0x54] lapic_id[0xa8] disabled)
[    0.000000] ACPI: LAPIC (acpi_id[0x55] lapic_id[0xaa] disabled)
[    0.000000] ACPI: LAPIC (acpi_id[0x56] lapic_id[0xac] disabled)
[    0.000000] ACPI: LAPIC (acpi_id[0x57] lapic_id[0xae] disabled)
[    0.000000] ACPI: LAPIC (acpi_id[0x58] lapic_id[0xb0] disabled)
[    0.000000] ACPI: LAPIC (acpi_id[0x59] lapic_id[0xb2] disabled)
[    0.000000] ACPI: LAPIC (acpi_id[0x5a] lapic_id[0xb4] disabled)
[    0.000000] ACPI: LAPIC (acpi_id[0x5b] lapic_id[0xb6] disabled)
[    0.000000] ACPI: LAPIC (acpi_id[0x5c] lapic_id[0xb8] disabled)
[    0.000000] ACPI: LAPIC (acpi_id[0x5d] lapic_id[0xba] disabled)
[    0.000000] ACPI: LAPIC (acpi_id[0x5e] lapic_id[0xbc] disabled)
[    0.000000] ACPI: LAPIC (acpi_id[0x5f] lapic_id[0xbe] disabled)
[    0.000000] ACPI: LAPIC (acpi_id[0x60] lapic_id[0xc0] disabled)
[    0.000000] ACPI: LAPIC (acpi_id[0x61] lapic_id[0xc2] disabled)
[    0.000000] ACPI: LAPIC (acpi_id[0x62] lapic_id[0xc4] disabled)
[    0.000000] ACPI: LAPIC (acpi_id[0x63] lapic_id[0xc6] disabled)
[    0.000000] ACPI: LAPIC (acpi_id[0x64] lapic_id[0xc8] disabled)
[    0.000000] ACPI: LAPIC (acpi_id[0x65] lapic_id[0xca] disabled)
[    0.000000] ACPI: LAPIC (acpi_id[0x66] lapic_id[0xcc] disabled)
[    0.000000] ACPI: LAPIC (acpi_id[0x67] lapic_id[0xce] disabled)
[    0.000000] ACPI: LAPIC (acpi_id[0x68] lapic_id[0xd0] disabled)
[    0.000000] ACPI: LAPIC (acpi_id[0x69] lapic_id[0xd2] disabled)
[    0.000000] ACPI: LAPIC (acpi_id[0x6a] lapic_id[0xd4] disabled)
[    0.000000] ACPI: LAPIC (acpi_id[0x6b] lapic_id[0xd6] disabled)
[    0.000000] ACPI: LAPIC (acpi_id[0x6c] lapic_id[0xd8] disabled)
[    0.000000] ACPI: LAPIC (acpi_id[0x6d] lapic_id[0xda] disabled)
[    0.000000] ACPI: LAPIC (acpi_id[0x6e] lapic_id[0xdc] disabled)
[    0.000000] ACPI: LAPIC (acpi_id[0x6f] lapic_id[0xde] disabled)
[    0.000000] ACPI: LAPIC (acpi_id[0x70] lapic_id[0xe0] disabled)
[    0.000000] ACPI: LAPIC (acpi_id[0x71] lapic_id[0xe2] disabled)
[    0.000000] ACPI: LAPIC (acpi_id[0x72] lapic_id[0xe4] disabled)
[    0.000000] ACPI: LAPIC (acpi_id[0x73] lapic_id[0xe6] disabled)
[    0.000000] ACPI: LAPIC (acpi_id[0x74] lapic_id[0xe8] disabled)
[    0.000000] ACPI: LAPIC (acpi_id[0x75] lapic_id[0xea] disabled)
[    0.000000] ACPI: LAPIC (acpi_id[0x76] lapic_id[0xec] disabled)
[    0.000000] ACPI: LAPIC (acpi_id[0x77] lapic_id[0xee] disabled)
[    0.000000] ACPI: LAPIC (acpi_id[0x78] lapic_id[0xf0] disabled)
[    0.000000] ACPI: LAPIC (acpi_id[0x79] lapic_id[0xf2] disabled)
[    0.000000] ACPI: LAPIC (acpi_id[0x7a] lapic_id[0xf4] disabled)
[    0.000000] ACPI: LAPIC (acpi_id[0x7b] lapic_id[0xf6] disabled)
[    0.000000] ACPI: LAPIC (acpi_id[0x7c] lapic_id[0xf8] disabled)
[    0.000000] ACPI: LAPIC (acpi_id[0x7d] lapic_id[0xfa] disabled)
[    0.000000] ACPI: LAPIC (acpi_id[0x7e] lapic_id[0xfc] disabled)
[    0.000000] ACPI: LAPIC (acpi_id[0x7f] lapic_id[0xfe] disabled)
[    0.000000] ACPI: LAPIC_NMI (acpi_id[0x00] high edge lint[0x1])
[    0.000000] ACPI: LAPIC_NMI (acpi_id[0x01] high edge lint[0x1])
[    0.000000] ACPI: LAPIC_NMI (acpi_id[0x02] high edge lint[0x1])
[    0.000000] ACPI: LAPIC_NMI (acpi_id[0x03] high edge lint[0x1])
[    0.000000] ACPI: LAPIC_NMI (acpi_id[0x04] high edge lint[0x1])
[    0.000000] ACPI: LAPIC_NMI (acpi_id[0x05] high edge lint[0x1])
[    0.000000] ACPI: LAPIC_NMI (acpi_id[0x06] high edge lint[0x1])
[    0.000000] ACPI: LAPIC_NMI (acpi_id[0x07] high edge lint[0x1])
[    0.000000] ACPI: LAPIC_NMI (acpi_id[0x08] high edge lint[0x1])
[    0.000000] ACPI: LAPIC_NMI (acpi_id[0x09] high edge lint[0x1])
[    0.000000] ACPI: LAPIC_NMI (acpi_id[0x0a] high edge lint[0x1])
[    0.000000] ACPI: LAPIC_NMI (acpi_id[0x0b] high edge lint[0x1])
[    0.000000] ACPI: LAPIC_NMI (acpi_id[0x0c] high edge lint[0x1])
[    0.000000] ACPI: LAPIC_NMI (acpi_id[0x0d] high edge lint[0x1])
[    0.000000] ACPI: LAPIC_NMI (acpi_id[0x0e] high edge lint[0x1])
[    0.000000] ACPI: LAPIC_NMI (acpi_id[0x0f] high edge lint[0x1])
[    0.000000] ACPI: LAPIC_NMI (acpi_id[0x10] high edge lint[0x1])
[    0.000000] ACPI: LAPIC_NMI (acpi_id[0x11] high edge lint[0x1])
[    0.000000] ACPI: LAPIC_NMI (acpi_id[0x12] high edge lint[0x1])
[    0.000000] ACPI: LAPIC_NMI (acpi_id[0x13] high edge lint[0x1])
[    0.000000] ACPI: LAPIC_NMI (acpi_id[0x14] high edge lint[0x1])
[    0.000000] ACPI: LAPIC_NMI (acpi_id[0x15] high edge lint[0x1])
[    0.000000] ACPI: LAPIC_NMI (acpi_id[0x16] high edge lint[0x1])
[    0.000000] ACPI: LAPIC_NMI (acpi_id[0x17] high edge lint[0x1])
[    0.000000] ACPI: LAPIC_NMI (acpi_id[0x18] high edge lint[0x1])
[    0.000000] ACPI: LAPIC_NMI (acpi_id[0x19] high edge lint[0x1])
[    0.000000] ACPI: LAPIC_NMI (acpi_id[0x1a] high edge lint[0x1])
[    0.000000] ACPI: LAPIC_NMI (acpi_id[0x1b] high edge lint[0x1])
[    0.000000] ACPI: LAPIC_NMI (acpi_id[0x1c] high edge lint[0x1])
[    0.000000] ACPI: LAPIC_NMI (acpi_id[0x1d] high edge lint[0x1])
[    0.000000] ACPI: LAPIC_NMI (acpi_id[0x1e] high edge lint[0x1])
[    0.000000] ACPI: LAPIC_NMI (acpi_id[0x1f] high edge lint[0x1])
[    0.000000] ACPI: LAPIC_NMI (acpi_id[0x20] high edge lint[0x1])
[    0.000000] ACPI: LAPIC_NMI (acpi_id[0x21] high edge lint[0x1])
[    0.000000] ACPI: LAPIC_NMI (acpi_id[0x22] high edge lint[0x1])
[    0.000000] ACPI: LAPIC_NMI (acpi_id[0x23] high edge lint[0x1])
[    0.000000] ACPI: LAPIC_NMI (acpi_id[0x24] high edge lint[0x1])
[    0.000000] ACPI: LAPIC_NMI (acpi_id[0x25] high edge lint[0x1])
[    0.000000] ACPI: LAPIC_NMI (acpi_id[0x26] high edge lint[0x1])
[    0.000000] ACPI: LAPIC_NMI (acpi_id[0x27] high edge lint[0x1])
[    0.000000] ACPI: LAPIC_NMI (acpi_id[0x28] high edge lint[0x1])
[    0.000000] ACPI: LAPIC_NMI (acpi_id[0x29] high edge lint[0x1])
[    0.000000] ACPI: LAPIC_NMI (acpi_id[0x2a] high edge lint[0x1])
[    0.000000] ACPI: LAPIC_NMI (acpi_id[0x2b] high edge lint[0x1])
[    0.000000] ACPI: LAPIC_NMI (acpi_id[0x2c] high edge lint[0x1])
[    0.000000] ACPI: LAPIC_NMI (acpi_id[0x2d] high edge lint[0x1])
[    0.000000] ACPI: LAPIC_NMI (acpi_id[0x2e] high edge lint[0x1])
[    0.000000] ACPI: LAPIC_NMI (acpi_id[0x2f] high edge lint[0x1])
[    0.000000] ACPI: LAPIC_NMI (acpi_id[0x30] high edge lint[0x1])
[    0.000000] ACPI: LAPIC_NMI (acpi_id[0x31] high edge lint[0x1])
[    0.000000] ACPI: LAPIC_NMI (acpi_id[0x32] high edge lint[0x1])
[    0.000000] ACPI: LAPIC_NMI (acpi_id[0x33] high edge lint[0x1])
[    0.000000] ACPI: LAPIC_NMI (acpi_id[0x34] high edge lint[0x1])
[    0.000000] ACPI: LAPIC_NMI (acpi_id[0x35] high edge lint[0x1])
[    0.000000] ACPI: LAPIC_NMI (acpi_id[0x36] high edge lint[0x1])
[    0.000000] ACPI: LAPIC_NMI (acpi_id[0x37] high edge lint[0x1])
[    0.000000] ACPI: LAPIC_NMI (acpi_id[0x38] high edge lint[0x1])
[    0.000000] ACPI: LAPIC_NMI (acpi_id[0x39] high edge lint[0x1])
[    0.000000] ACPI: LAPIC_NMI (acpi_id[0x3a] high edge lint[0x1])
[    0.000000] ACPI: LAPIC_NMI (acpi_id[0x3b] high edge lint[0x1])
[    0.000000] ACPI: LAPIC_NMI (acpi_id[0x3c] high edge lint[0x1])
[    0.000000] ACPI: LAPIC_NMI (acpi_id[0x3d] high edge lint[0x1])
[    0.000000] ACPI: LAPIC_NMI (acpi_id[0x3e] high edge lint[0x1])
[    0.000000] ACPI: LAPIC_NMI (acpi_id[0x3f] high edge lint[0x1])
[    0.000000] ACPI: LAPIC_NMI (acpi_id[0x40] high edge lint[0x1])
[    0.000000] ACPI: LAPIC_NMI (acpi_id[0x41] high edge lint[0x1])
[    0.000000] ACPI: LAPIC_NMI (acpi_id[0x42] high edge lint[0x1])
[    0.000000] ACPI: LAPIC_NMI (acpi_id[0x43] high edge lint[0x1])
[    0.000000] ACPI: LAPIC_NMI (acpi_id[0x44] high edge lint[0x1])
[    0.000000] ACPI: LAPIC_NMI (acpi_id[0x45] high edge lint[0x1])
[    0.000000] ACPI: LAPIC_NMI (acpi_id[0x46] high edge lint[0x1])
[    0.000000] ACPI: LAPIC_NMI (acpi_id[0x47] high edge lint[0x1])
[    0.000000] ACPI: LAPIC_NMI (acpi_id[0x48] high edge lint[0x1])
[    0.000000] ACPI: LAPIC_NMI (acpi_id[0x49] high edge lint[0x1])
[    0.000000] ACPI: LAPIC_NMI (acpi_id[0x4a] high edge lint[0x1])
[    0.000000] ACPI: LAPIC_NMI (acpi_id[0x4b] high edge lint[0x1])
[    0.000000] ACPI: LAPIC_NMI (acpi_id[0x4c] high edge lint[0x1])
[    0.000000] ACPI: LAPIC_NMI (acpi_id[0x4d] high edge lint[0x1])
[    0.000000] ACPI: LAPIC_NMI (acpi_id[0x4e] high edge lint[0x1])
[    0.000000] ACPI: LAPIC_NMI (acpi_id[0x4f] high edge lint[0x1])
[    0.000000] ACPI: LAPIC_NMI (acpi_id[0x50] high edge lint[0x1])
[    0.000000] ACPI: LAPIC_NMI (acpi_id[0x51] high edge lint[0x1])
[    0.000000] ACPI: LAPIC_NMI (acpi_id[0x52] high edge lint[0x1])
[    0.000000] ACPI: LAPIC_NMI (acpi_id[0x53] high edge lint[0x1])
[    0.000000] ACPI: LAPIC_NMI (acpi_id[0x54] high edge lint[0x1])
[    0.000000] ACPI: LAPIC_NMI (acpi_id[0x55] high edge lint[0x1])
[    0.000000] ACPI: LAPIC_NMI (acpi_id[0x56] high edge lint[0x1])
[    0.000000] ACPI: LAPIC_NMI (acpi_id[0x57] high edge lint[0x1])
[    0.000000] ACPI: LAPIC_NMI (acpi_id[0x58] high edge lint[0x1])
[    0.000000] ACPI: LAPIC_NMI (acpi_id[0x59] high edge lint[0x1])
[    0.000000] ACPI: LAPIC_NMI (acpi_id[0x5a] high edge lint[0x1])
[    0.000000] ACPI: LAPIC_NMI (acpi_id[0x5b] high edge lint[0x1])
[    0.000000] ACPI: LAPIC_NMI (acpi_id[0x5c] high edge lint[0x1])
[    0.000000] ACPI: LAPIC_NMI (acpi_id[0x5d] high edge lint[0x1])
[    0.000000] ACPI: LAPIC_NMI (acpi_id[0x5e] high edge lint[0x1])
[    0.000000] ACPI: LAPIC_NMI (acpi_id[0x5f] high edge lint[0x1])
[    0.000000] ACPI: LAPIC_NMI (acpi_id[0x60] high edge lint[0x1])
[    0.000000] ACPI: LAPIC_NMI (acpi_id[0x61] high edge lint[0x1])
[    0.000000] ACPI: LAPIC_NMI (acpi_id[0x62] high edge lint[0x1])
[    0.000000] ACPI: LAPIC_NMI (acpi_id[0x63] high edge lint[0x1])
[    0.000000] ACPI: LAPIC_NMI (acpi_id[0x64] high edge lint[0x1])
[    0.000000] ACPI: LAPIC_NMI (acpi_id[0x65] high edge lint[0x1])
[    0.000000] ACPI: LAPIC_NMI (acpi_id[0x66] high edge lint[0x1])
[    0.000000] ACPI: LAPIC_NMI (acpi_id[0x67] high edge lint[0x1])
[    0.000000] ACPI: LAPIC_NMI (acpi_id[0x68] high edge lint[0x1])
[    0.000000] ACPI: LAPIC_NMI (acpi_id[0x69] high edge lint[0x1])
[    0.000000] ACPI: LAPIC_NMI (acpi_id[0x6a] high edge lint[0x1])
[    0.000000] ACPI: LAPIC_NMI (acpi_id[0x6b] high edge lint[0x1])
[    0.000000] ACPI: LAPIC_NMI (acpi_id[0x6c] high edge lint[0x1])
[    0.000000] ACPI: LAPIC_NMI (acpi_id[0x6d] high edge lint[0x1])
[    0.000000] ACPI: LAPIC_NMI (acpi_id[0x6e] high edge lint[0x1])
[    0.000000] ACPI: LAPIC_NMI (acpi_id[0x6f] high edge lint[0x1])
[    0.000000] ACPI: LAPIC_NMI (acpi_id[0x70] high edge lint[0x1])
[    0.000000] ACPI: LAPIC_NMI (acpi_id[0x71] high edge lint[0x1])
[    0.000000] ACPI: LAPIC_NMI (acpi_id[0x72] high edge lint[0x1])
[    0.000000] ACPI: LAPIC_NMI (acpi_id[0x73] high edge lint[0x1])
[    0.000000] ACPI: LAPIC_NMI (acpi_id[0x74] high edge lint[0x1])
[    0.000000] ACPI: LAPIC_NMI (acpi_id[0x75] high edge lint[0x1])
[    0.000000] ACPI: LAPIC_NMI (acpi_id[0x76] high edge lint[0x1])
[    0.000000] ACPI: LAPIC_NMI (acpi_id[0x77] high edge lint[0x1])
[    0.000000] ACPI: LAPIC_NMI (acpi_id[0x78] high edge lint[0x1])
[    0.000000] ACPI: LAPIC_NMI (acpi_id[0x79] high edge lint[0x1])
[    0.000000] ACPI: LAPIC_NMI (acpi_id[0x7a] high edge lint[0x1])
[    0.000000] ACPI: LAPIC_NMI (acpi_id[0x7b] high edge lint[0x1])
[    0.000000] ACPI: LAPIC_NMI (acpi_id[0x7c] high edge lint[0x1])
[    0.000000] ACPI: LAPIC_NMI (acpi_id[0x7d] high edge lint[0x1])
[    0.000000] ACPI: LAPIC_NMI (acpi_id[0x7e] high edge lint[0x1])
[    0.000000] ACPI: LAPIC_NMI (acpi_id[0x7f] high edge lint[0x1])
[    0.000000] ACPI: IOAPIC (id[0x01] address[0xfec00000] gsi_base[0])
[    0.000000] IOAPIC[0]: apic_id 1, version 17, address 0xfec00000, GSI 0-23
[    0.000000] ACPI: INT_SRC_OVR (bus 0 bus_irq 0 global_irq 2 high edge)
[    0.000000] ACPI: IRQ0 used by override.
[    0.000000] ACPI: IRQ9 used by override.
[    0.000000] Using ACPI (MADT) for SMP configuration information
[    0.000000] ACPI: HPET id: 0x8086af01 base: 0xfed00000
[    0.000000] smpboot: Allowing 128 CPUs, 127 hotplug CPUs
[    0.000000] PM: Registered nosave memory: [mem 0x00000000-0x00000fff]
[    0.000000] PM: Registered nosave memory: [mem 0x0009e000-0x0009efff]
[    0.000000] PM: Registered nosave memory: [mem 0x0009f000-0x0009ffff]
[    0.000000] PM: Registered nosave memory: [mem 0x000a0000-0x000dbfff]
[    0.000000] PM: Registered nosave memory: [mem 0x000dc000-0x000fffff]
[    0.000000] PM: Registered nosave memory: [mem 0x7fee0000-0x7fefefff]
[    0.000000] PM: Registered nosave memory: [mem 0x7feff000-0x7fefffff]
[    0.000000] e820: [mem 0x80000000-0xefffffff] available for PCI devices
[    0.000000] Booting paravirtualized kernel on bare hardware
[    0.000000] setup_percpu: NR_CPUS:256 nr_cpumask_bits:256 nr_cpu_ids:128 nr_node_ids:1
[    0.000000] PERCPU: Embedded 31 pages/cpu @ffff88007c600000 s86144 r8192 d32640 u131072
[    0.000000] pcpu-alloc: s86144 r8192 d32640 u131072 alloc=1*2097152
[    0.000000] pcpu-alloc: [0] 000 001 002 003 004 005 006 007 008 009 010 011 012 013 014 015 
[    0.000000] pcpu-alloc: [0] 016 017 018 019 020 021 022 023 024 025 026 027 028 029 030 031 
[    0.000000] pcpu-alloc: [0] 032 033 034 035 036 037 038 039 040 041 042 043 044 045 046 047 
[    0.000000] pcpu-alloc: [0] 048 049 050 051 052 053 054 055 056 057 058 059 060 061 062 063 
[    0.000000] pcpu-alloc: [0] 064 065 066 067 068 069 070 071 072 073 074 075 076 077 078 079 
[    0.000000] pcpu-alloc: [0] 080 081 082 083 084 085 086 087 088 089 090 091 092 093 094 095 
[    0.000000] pcpu-alloc: [0] 096 097 098 099 100 101 102 103 104 105 106 107 108 109 110 111 
[    0.000000] pcpu-alloc: [0] 112 113 114 115 116 117 118 119 120 121 122 123 124 125 126 127 
[    0.000000] Built 1 zonelists in Node order, mobility grouping on.  Total pages: 515944
[    0.000000] Policy zone: DMA32
[    0.000000] Kernel command line: BOOT_IMAGE=/boot/vmlinuz-3.19.0-25-generic root=UUID=95e61a29-d681-40f3-9287-1b3c4dc89ca9 ro find_preseed=/preseed.cfg auto noprompt priority=critical locale=en_US quiet
[    0.000000] log_buf_len individual max cpu contribution: 4096 bytes
[    0.000000] log_buf_len total cpu_extra contributions: 520192 bytes
[    0.000000] log_buf_len min size: 262144 bytes
[    0.000000] log_buf_len: 1048576 bytes
[    0.000000] early log buf free: 227596(86%)
[    0.000000] PID hash table entries: 4096 (order: 3, 32768 bytes)
[    0.000000] xsave: enabled xstate_bv 0x7, cntxt size 0x340 using standard form
[    0.000000] AGP: Checking aperture...
[    0.000000] AGP: No AGP bridge found
[    0.000000] Calgary: detecting Calgary via BIOS EBDA area
[    0.000000] Calgary: Unable to locate Rio Grande table in EBDA - bailing!
[    0.000000] Memory: 2011040K/2096628K available (7918K kernel code, 1172K rwdata, 3752K rodata, 1408K init, 1292K bss, 85588K reserved, 0K cma-reserved)
[    0.000000] SLUB: HWalign=64, Order=0-3, MinObjects=0, CPUs=128, Nodes=1
[    0.000000] Hierarchical RCU implementation.
[    0.000000] 	RCU dyntick-idle grace-period acceleration is enabled.
[    0.000000] 	RCU restricting CPUs from NR_CPUS=256 to nr_cpu_ids=128.
[    0.000000] RCU: Adjusting geometry for rcu_fanout_leaf=16, nr_cpu_ids=128
[    0.000000] NR_IRQS:16640 nr_irqs:1448 16
[    0.000000] 	Offload RCU callbacks from all CPUs
[    0.000000] 	Offload RCU callbacks from CPUs: 0-127.
[    0.000000] Console: colour VGA+ 80x25
[    0.000000] console [tty0] enabled
[    0.000000] hpet clockevent registered
[    0.000000] TSC freq read from hypervisor : 2496.000 MHz
[    0.000000] tsc: Detected 2496.000 MHz processor
[    0.000108] Calibrating delay loop (skipped) preset value.. 4992.00 BogoMIPS (lpj=9984000)
[    0.000110] pid_max: default: 131072 minimum: 1024
[    0.000119] ACPI: Core revision 20141107
[    0.011179] ACPI: All ACPI Tables successfully acquired
[    0.013319] Security Framework initialized
[    0.013377] AppArmor: AppArmor initialized
[    0.013377] Yama: becoming mindful.
[    0.013568] Dentry cache hash table entries: 262144 (order: 9, 2097152 bytes)
[    0.018102] Inode-cache hash table entries: 131072 (order: 8, 1048576 bytes)
[    0.021797] Mount-cache hash table entries: 4096 (order: 3, 32768 bytes)
[    0.021801] Mountpoint-cache hash table entries: 4096 (order: 3, 32768 bytes)
[    0.023247] Initializing cgroup subsys memory
[    0.023256] Initializing cgroup subsys devices
[    0.023259] Initializing cgroup subsys freezer
[    0.023260] Initializing cgroup subsys net_cls
[    0.023262] Initializing cgroup subsys blkio
[    0.023263] Initializing cgroup subsys perf_event
[    0.023266] Initializing cgroup subsys net_prio
[    0.023268] Initializing cgroup subsys hugetlb
[    0.023435] Disabled fast string operations
[    0.023437] CPU: Physical Processor ID: 0
[    0.024590] mce: CPU supports 0 MCE banks
[    0.024606] Last level iTLB entries: 4KB 128, 2MB 8, 4MB 8
[    0.024606] Last level dTLB entries: 4KB 64, 2MB 0, 4MB 0, 1GB 4
[    0.039268] ftrace: allocating 29988 entries in 118 pages
[    0.065775] Enabling x2apic
[    0.066339] Enabled x2apic
[    0.066403] Switched APIC routing to physical x2apic.
[    0.066764] ..TIMER: vector=0x30 apic1=0 pin1=2 apic2=-1 pin2=-1
[    0.106606] smpboot: CPU0: Intel(R) Core(TM) i5-7300HQ CPU @ 2.50GHz (fam: 06, model: 9e, stepping: 09)
[    0.106645] TSC deadline timer enabled
[    0.106706] Performance Events: generic architected perfmon v1, core PMU driver.
[    0.106725] perf_event_intel: CPUID marked event: 'cpu cycles' unavailable
[    0.106726] perf_event_intel: CPUID marked event: 'instructions' unavailable
[    0.106727] perf_event_intel: CPUID marked event: 'bus cycles' unavailable
[    0.106727] perf_event_intel: CPUID marked event: 'cache references' unavailable
[    0.106728] perf_event_intel: CPUID marked event: 'cache misses' unavailable
[    0.106728] perf_event_intel: CPUID marked event: 'branch instructions' unavailable
[    0.106729] perf_event_intel: CPUID marked event: 'branch misses' unavailable
[    0.106731] ... version:                1
[    0.106731] ... bit width:              48
[    0.106732] ... generic registers:      8
[    0.106732] ... value mask:             0000ffffffffffff
[    0.106733] ... max period:             000000007fffffff
[    0.106733] ... fixed-purpose events:   0
[    0.106734] ... event mask:             00000000000000ff
[    0.114686] NMI watchdog: disabled (cpu0): hardware events not enabled
[    0.117535] x86: Booted up 1 node, 1 CPUs
[    0.117537] smpboot: Total of 1 processors activated (4992.00 BogoMIPS)
[    0.118642] devtmpfs: initialized
[    0.120775] evm: security.selinux
[    0.120795] evm: security.SMACK64
[    0.120807] evm: security.SMACK64EXEC
[    0.120807] evm: security.SMACK64TRANSMUTE
[    0.120808] evm: security.SMACK64MMAP
[    0.120808] evm: security.ima
[    0.120809] evm: security.capability
[    0.121080] PM: Registering ACPI NVS region [mem 0x7feff000-0x7fefffff] (4096 bytes)
[    0.121986] pinctrl core: initialized pinctrl subsystem
[    0.122498] RTC time:  2:43:38, date: 11/04/17
[    0.122851] NET: Registered protocol family 16
[    0.123233] cpuidle: using governor ladder
[    0.123235] cpuidle: using governor menu
[    0.123306] ACPI: bus type PCI registered
[    0.123307] acpiphp: ACPI Hot Plug PCI Controller Driver version: 0.5
[    0.123852] PCI: MMCONFIG for domain 0000 [bus 00-7f] at [mem 0xf0000000-0xf7ffffff] (base 0xf0000000)
[    0.123854] PCI: MMCONFIG at [mem 0xf0000000-0xf7ffffff] reserved in E820
[    0.124990] PCI: Using configuration type 1 for base access
[    0.127434] ACPI: Added _OSI(Module Device)
[    0.127435] ACPI: Added _OSI(Processor Device)
[    0.127436] ACPI: Added _OSI(3.0 _SCP Extensions)
[    0.127450] ACPI: Added _OSI(Processor Aggregator Device)
[    0.134376] [Firmware Bug]: ACPI: BIOS _OSI(Linux) query ignored
[    0.144478] ACPI: Interpreter enabled
[    0.144486] ACPI Exception: AE_NOT_FOUND, While evaluating Sleep State [\_S2_] (20141107/hwxface-580)
[    0.144488] ACPI Exception: AE_NOT_FOUND, While evaluating Sleep State [\_S3_] (20141107/hwxface-580)
[    0.144493] ACPI: (supports S0 S1 S4 S5)
[    0.144494] ACPI: Using IOAPIC for interrupt routing
[    0.144514] PCI: Using host bridge windows from ACPI; if necessary, use "pci=nocrs" and report a bug
[    0.205269] ACPI: PCI Root Bridge [PCI0] (domain 0000 [bus 00-7f])
[    0.205276] acpi PNP0A03:00: _OSC: OS supports [ExtendedConfig ASPM ClockPM Segments MSI]
[    0.205416] acpi PNP0A03:00: _OSC: platform does not support [AER]
[    0.205553] acpi PNP0A03:00: _OSC: OS now controls [PCIeHotplug PME PCIeCapability]
[    0.207418] PCI host bridge to bus 0000:00
[    0.207420] pci_bus 0000:00: root bus resource [bus 00-7f]
[    0.207421] pci_bus 0000:00: root bus resource [mem 0x000a0000-0x000bffff]
[    0.207422] pci_bus 0000:00: root bus resource [mem 0x000d0000-0x000d3fff]
[    0.207423] pci_bus 0000:00: root bus resource [mem 0x000d4000-0x000d7fff]
[    0.207424] pci_bus 0000:00: root bus resource [mem 0x000d8000-0x000dbfff]
[    0.207425] pci_bus 0000:00: root bus resource [mem 0xc0000000-0xfebfffff]
[    0.207426] pci_bus 0000:00: root bus resource [io  0x0000-0x0cf7]
[    0.207427] pci_bus 0000:00: root bus resource [io  0x0d00-0xfeff]
[    0.207469] pci 0000:00:00.0: [8086:7190] type 00 class 0x060000
[    0.208022] pci 0000:00:01.0: [8086:7191] type 01 class 0x060400
[    0.208440] pci 0000:00:07.0: [8086:7110] type 00 class 0x060100
[    0.209218] pci 0000:00:07.1: [8086:7111] type 00 class 0x01018a
[    0.210732] pci 0000:00:07.1: reg 0x20: [io  0x1060-0x106f]
[    0.211258] pci 0000:00:07.1: legacy IDE quirk: reg 0x10: [io  0x01f0-0x01f7]
[    0.211260] pci 0000:00:07.1: legacy IDE quirk: reg 0x14: [io  0x03f6]
[    0.211261] pci 0000:00:07.1: legacy IDE quirk: reg 0x18: [io  0x0170-0x0177]
[    0.211261] pci 0000:00:07.1: legacy IDE quirk: reg 0x1c: [io  0x0376]
[    0.211423] pci 0000:00:07.3: [8086:7113] type 00 class 0x068000
[    0.212859] pci 0000:00:07.3: can't claim BAR 13 [io  0x1000-0x103f]: address conflict with ACPI PM1a_EVT_BLK [io  0x1000-0x1003]
[    0.212869] pci 0000:00:07.3: quirk: [io  0x1040-0x104f] claimed by PIIX4 SMB
[    0.213208] pci 0000:00:07.7: [15ad:0740] type 00 class 0x088000
[    0.213783] pci 0000:00:07.7: reg 0x10: [io  0x1080-0x10bf]
[    0.214267] pci 0000:00:07.7: reg 0x14: [mem 0xfebfe000-0xfebfffff 64bit]
[    0.216399] pci 0000:00:0f.0: [15ad:0405] type 00 class 0x030000
[    0.217773] pci 0000:00:0f.0: reg 0x10: [io  0x1070-0x107f]
[    0.219066] pci 0000:00:0f.0: reg 0x14: [mem 0xe8000000-0xefffffff pref]
[    0.220262] pci 0000:00:0f.0: reg 0x18: [mem 0xfe000000-0xfe7fffff]
[    0.225320] pci 0000:00:0f.0: reg 0x30: [mem 0x00000000-0x00007fff pref]
[    0.226070] pci 0000:00:10.0: [1000:0030] type 00 class 0x010000
[    0.226814] pci 0000:00:10.0: reg 0x10: [io  0x1400-0x14ff]
[    0.227461] pci 0000:00:10.0: reg 0x14: [mem 0xfeba0000-0xfebbffff 64bit]
[    0.228131] pci 0000:00:10.0: reg 0x1c: [mem 0xfebc0000-0xfebdffff 64bit]
[    0.229328] pci 0000:00:10.0: reg 0x30: [mem 0x00000000-0x00003fff pref]
[    0.229855] pci 0000:00:11.0: [15ad:0790] type 01 class 0x060401
[    0.230366] pci 0000:00:11.0: System wakeup disabled by ACPI
[    0.230532] pci 0000:00:15.0: [15ad:07a0] type 01 class 0x060400
[    0.231182] pci 0000:00:15.0: PME# supported from D0 D3hot D3cold
[    0.231321] pci 0000:00:15.0: System wakeup disabled by ACPI
[    0.231460] pci 0000:00:15.1: [15ad:07a0] type 01 class 0x060400
[    0.232067] pci 0000:00:15.1: PME# supported from D0 D3hot D3cold
[    0.232244] pci 0000:00:15.1: System wakeup disabled by ACPI
[    0.232354] pci 0000:00:15.2: [15ad:07a0] type 01 class 0x060400
[    0.232957] pci 0000:00:15.2: PME# supported from D0 D3hot D3cold
[    0.233093] pci 0000:00:15.2: System wakeup disabled by ACPI
[    0.233262] pci 0000:00:15.3: [15ad:07a0] type 01 class 0x060400
[    0.233866] pci 0000:00:15.3: PME# supported from D0 D3hot D3cold
[    0.234004] pci 0000:00:15.3: System wakeup disabled by ACPI
[    0.234184] pci 0000:00:15.4: [15ad:07a0] type 01 class 0x060400
[    0.234787] pci 0000:00:15.4: PME# supported from D0 D3hot D3cold
[    0.234928] pci 0000:00:15.4: System wakeup disabled by ACPI
[    0.235036] pci 0000:00:15.5: [15ad:07a0] type 01 class 0x060400
[    0.235606] pci 0000:00:15.5: PME# supported from D0 D3hot D3cold
[    0.235816] pci 0000:00:15.5: System wakeup disabled by ACPI
[    0.235973] pci 0000:00:15.6: [15ad:07a0] type 01 class 0x060400
[    0.236579] pci 0000:00:15.6: PME# supported from D0 D3hot D3cold
[    0.236749] pci 0000:00:15.6: System wakeup disabled by ACPI
[    0.237032] pci 0000:00:15.7: [15ad:07a0] type 01 class 0x060400
[    0.237605] pci 0000:00:15.7: PME# supported from D0 D3hot D3cold
[    0.237783] pci 0000:00:15.7: System wakeup disabled by ACPI
[    0.237892] pci 0000:00:16.0: [15ad:07a0] type 01 class 0x060400
[    0.238526] pci 0000:00:16.0: PME# supported from D0 D3hot D3cold
[    0.238671] pci 0000:00:16.0: System wakeup disabled by ACPI
[    0.238820] pci 0000:00:16.1: [15ad:07a0] type 01 class 0x060400
[    0.239809] pci 0000:00:16.1: PME# supported from D0 D3hot D3cold
[    0.240105] pci 0000:00:16.1: System wakeup disabled by ACPI
[    0.240343] pci 0000:00:16.2: [15ad:07a0] type 01 class 0x060400
[    0.241497] pci 0000:00:16.2: PME# supported from D0 D3hot D3cold
[    0.242271] pci 0000:00:16.2: System wakeup disabled by ACPI
[    0.242540] pci 0000:00:16.3: [15ad:07a0] type 01 class 0x060400
[    0.243327] pci 0000:00:16.3: PME# supported from D0 D3hot D3cold
[    0.243466] pci 0000:00:16.3: System wakeup disabled by ACPI
[    0.243648] pci 0000:00:16.4: [15ad:07a0] type 01 class 0x060400
[    0.244297] pci 0000:00:16.4: PME# supported from D0 D3hot D3cold
[    0.244432] pci 0000:00:16.4: System wakeup disabled by ACPI
[    0.244681] pci 0000:00:16.5: [15ad:07a0] type 01 class 0x060400
[    0.245252] pci 0000:00:16.5: PME# supported from D0 D3hot D3cold
[    0.245385] pci 0000:00:16.5: System wakeup disabled by ACPI
[    0.245489] pci 0000:00:16.6: [15ad:07a0] type 01 class 0x060400
[    0.246089] pci 0000:00:16.6: PME# supported from D0 D3hot D3cold
[    0.246254] pci 0000:00:16.6: System wakeup disabled by ACPI
[    0.246516] pci 0000:00:16.7: [15ad:07a0] type 01 class 0x060400
[    0.247155] pci 0000:00:16.7: PME# supported from D0 D3hot D3cold
[    0.247338] pci 0000:00:16.7: System wakeup disabled by ACPI
[    0.247470] pci 0000:00:17.0: [15ad:07a0] type 01 class 0x060400
[    0.248082] pci 0000:00:17.0: PME# supported from D0 D3hot D3cold
[    0.248275] pci 0000:00:17.0: System wakeup disabled by ACPI
[    0.248380] pci 0000:00:17.1: [15ad:07a0] type 01 class 0x060400
[    0.249000] pci 0000:00:17.1: PME# supported from D0 D3hot D3cold
[    0.249144] pci 0000:00:17.1: System wakeup disabled by ACPI
[    0.249282] pci 0000:00:17.2: [15ad:07a0] type 01 class 0x060400
[    0.249871] pci 0000:00:17.2: PME# supported from D0 D3hot D3cold
[    0.250007] pci 0000:00:17.2: System wakeup disabled by ACPI
[    0.250242] pci 0000:00:17.3: [15ad:07a0] type 01 class 0x060400
[    0.250808] pci 0000:00:17.3: PME# supported from D0 D3hot D3cold
[    0.250943] pci 0000:00:17.3: System wakeup disabled by ACPI
[    0.251051] pci 0000:00:17.4: [15ad:07a0] type 01 class 0x060400
[    0.251661] pci 0000:00:17.4: PME# supported from D0 D3hot D3cold
[    0.251840] pci 0000:00:17.4: System wakeup disabled by ACPI
[    0.251999] pci 0000:00:17.5: [15ad:07a0] type 01 class 0x060400
[    0.252561] pci 0000:00:17.5: PME# supported from D0 D3hot D3cold
[    0.252737] pci 0000:00:17.5: System wakeup disabled by ACPI
[    0.252879] pci 0000:00:17.6: [15ad:07a0] type 01 class 0x060400
[    0.253475] pci 0000:00:17.6: PME# supported from D0 D3hot D3cold
[    0.253612] pci 0000:00:17.6: System wakeup disabled by ACPI
[    0.253849] pci 0000:00:17.7: [15ad:07a0] type 01 class 0x060400
[    0.254410] pci 0000:00:17.7: PME# supported from D0 D3hot D3cold
[    0.254546] pci 0000:00:17.7: System wakeup disabled by ACPI
[    0.254722] pci 0000:00:18.0: [15ad:07a0] type 01 class 0x060400
[    0.255320] pci 0000:00:18.0: PME# supported from D0 D3hot D3cold
[    0.255456] pci 0000:00:18.0: System wakeup disabled by ACPI
[    0.255612] pci 0000:00:18.1: [15ad:07a0] type 01 class 0x060400
[    0.256259] pci 0000:00:18.1: PME# supported from D0 D3hot D3cold
[    0.256397] pci 0000:00:18.1: System wakeup disabled by ACPI
[    0.256505] pci 0000:00:18.2: [15ad:07a0] type 01 class 0x060400
[    0.257070] pci 0000:00:18.2: PME# supported from D0 D3hot D3cold
[    0.257245] pci 0000:00:18.2: System wakeup disabled by ACPI
[    0.257391] pci 0000:00:18.3: [15ad:07a0] type 01 class 0x060400
[    0.257980] pci 0000:00:18.3: PME# supported from D0 D3hot D3cold
[    0.258117] pci 0000:00:18.3: System wakeup disabled by ACPI
[    0.258299] pci 0000:00:18.4: [15ad:07a0] type 01 class 0x060400
[    0.258892] pci 0000:00:18.4: PME# supported from D0 D3hot D3cold
[    0.259039] pci 0000:00:18.4: System wakeup disabled by ACPI
[    0.259161] pci 0000:00:18.5: [15ad:07a0] type 01 class 0x060400
[    0.259864] pci 0000:00:18.5: PME# supported from D0 D3hot D3cold
[    0.260010] pci 0000:00:18.5: System wakeup disabled by ACPI
[    0.260176] pci 0000:00:18.6: [15ad:07a0] type 01 class 0x060400
[    0.260823] pci 0000:00:18.6: PME# supported from D0 D3hot D3cold
[    0.261007] pci 0000:00:18.6: System wakeup disabled by ACPI
[    0.261317] pci 0000:00:18.7: [15ad:07a0] type 01 class 0x060400
[    0.262050] pci 0000:00:18.7: PME# supported from D0 D3hot D3cold
[    0.262314] pci 0000:00:18.7: System wakeup disabled by ACPI
[    0.263219] pci 0000:00:01.0: PCI bridge to [bus 01]
[    0.263788] acpiphp: Slot [32] registered
[    0.263806] acpiphp: Slot [33] registered
[    0.263822] acpiphp: Slot [34] registered
[    0.263837] acpiphp: Slot [35] registered
[    0.263852] acpiphp: Slot [36] registered
[    0.263867] acpiphp: Slot [37] registered
[    0.263882] acpiphp: Slot [38] registered
[    0.263897] acpiphp: Slot [39] registered
[    0.263922] acpiphp: Slot [40] registered
[    0.263948] acpiphp: Slot [41] registered
[    0.263964] acpiphp: Slot [42] registered
[    0.263978] acpiphp: Slot [43] registered
[    0.264055] acpiphp: Slot [44] registered
[    0.264072] acpiphp: Slot [45] registered
[    0.264087] acpiphp: Slot [46] registered
[    0.264106] acpiphp: Slot [47] registered
[    0.264122] acpiphp: Slot [48] registered
[    0.264137] acpiphp: Slot [49] registered
[    0.264197] acpiphp: Slot [50] registered
[    0.264221] acpiphp: Slot [51] registered
[    0.264260] acpiphp: Slot [52] registered
[    0.264276] acpiphp: Slot [53] registered
[    0.264346] acpiphp: Slot [54] registered
[    0.264363] acpiphp: Slot [55] registered
[    0.264378] acpiphp: Slot [56] registered
[    0.264433] acpiphp: Slot [57] registered
[    0.264448] acpiphp: Slot [58] registered
[    0.264463] acpiphp: Slot [59] registered
[    0.264477] acpiphp: Slot [60] registered
[    0.264492] acpiphp: Slot [61] registered
[    0.264507] acpiphp: Slot [62] registered
[    0.264522] acpiphp: Slot [63] registered
[    0.264585] pci 0000:02:00.0: [15ad:0774] type 00 class 0x0c0300
[    0.265685] pci 0000:02:00.0: reg 0x20: [io  0x2080-0x209f]
[    0.266511] pci 0000:02:00.0: System wakeup disabled by ACPI
[    0.266642] pci 0000:02:01.0: [8086:100f] type 00 class 0x020000
[    0.267517] pci 0000:02:01.0: reg 0x10: [mem 0xfd5c0000-0xfd5dffff 64bit]
[    0.268406] pci 0000:02:01.0: reg 0x18: [mem 0xfdff0000-0xfdffffff 64bit]
[    0.269100] pci 0000:02:01.0: reg 0x20: [io  0x2000-0x203f]
[    0.270470] pci 0000:02:01.0: reg 0x30: [mem 0x00000000-0x0000ffff pref]
[    0.270800] pci 0000:02:01.0: System wakeup disabled by ACPI
[    0.270885] pci 0000:02:02.0: [1274:1371] type 00 class 0x040100
[    0.271142] pci 0000:02:02.0: reg 0x10: [io  0x2040-0x207f]
[    0.273226] pci 0000:02:02.0: System wakeup disabled by ACPI
[    0.273339] pci 0000:02:03.0: [15ad:0770] type 00 class 0x0c0320
[    0.273713] pci 0000:02:03.0: reg 0x10: [mem 0xfd5ef000-0xfd5effff]
[    0.275736] pci 0000:02:03.0: System wakeup disabled by ACPI
[    0.275917] pci 0000:02:05.0: [15ad:07e0] type 00 class 0x010601
[    0.277760] pci 0000:02:05.0: reg 0x24: [mem 0xfd5ee000-0xfd5eefff]
[    0.278032] pci 0000:02:05.0: reg 0x30: [mem 0x00000000-0x0000ffff pref]
[    0.278413] pci 0000:02:05.0: PME# supported from D3hot
[    0.278525] pci 0000:02:05.0: System wakeup disabled by ACPI
[    0.278763] pci 0000:00:11.0: PCI bridge to [bus 02] (subtractive decode)
[    0.278780] pci 0000:00:11.0:   bridge window [io  0x2000-0x3fff]
[    0.278798] pci 0000:00:11.0:   bridge window [mem 0xfd500000-0xfdffffff]
[    0.278855] pci 0000:00:11.0:   bridge window [mem 0xe7b00000-0xe7ffffff 64bit pref]
[    0.278857] pci 0000:00:11.0:   bridge window [mem 0x000a0000-0x000bffff] (subtractive decode)
[    0.278858] pci 0000:00:11.0:   bridge window [mem 0x000d0000-0x000d3fff] (subtractive decode)
[    0.278859] pci 0000:00:11.0:   bridge window [mem 0x000d4000-0x000d7fff] (subtractive decode)
[    0.278860] pci 0000:00:11.0:   bridge window [mem 0x000d8000-0x000dbfff] (subtractive decode)
[    0.278861] pci 0000:00:11.0:   bridge window [mem 0xc0000000-0xfebfffff] (subtractive decode)
[    0.278862] pci 0000:00:11.0:   bridge window [io  0x0000-0x0cf7] (subtractive decode)
[    0.278862] pci 0000:00:11.0:   bridge window [io  0x0d00-0xfeff] (subtractive decode)
[    0.279309] pci 0000:00:15.0: PCI bridge to [bus 03]
[    0.279325] pci 0000:00:15.0:   bridge window [io  0x4000-0x4fff]
[    0.279342] pci 0000:00:15.0:   bridge window [mem 0xfd400000-0xfd4fffff]
[    0.279372] pci 0000:00:15.0:   bridge window [mem 0xe7a00000-0xe7afffff 64bit pref]
[    0.279763] pci 0000:00:15.1: PCI bridge to [bus 04]
[    0.279787] pci 0000:00:15.1:   bridge window [io  0x8000-0x8fff]
[    0.279804] pci 0000:00:15.1:   bridge window [mem 0xfd000000-0xfd0fffff]
[    0.279837] pci 0000:00:15.1:   bridge window [mem 0xe7600000-0xe76fffff 64bit pref]
[    0.280193] pci 0000:00:15.2: PCI bridge to [bus 05]
[    0.280240] pci 0000:00:15.2:   bridge window [io  0xc000-0xcfff]
[    0.280257] pci 0000:00:15.2:   bridge window [mem 0xfcc00000-0xfccfffff]
[    0.280288] pci 0000:00:15.2:   bridge window [mem 0xe7200000-0xe72fffff 64bit pref]
[    0.280669] pci 0000:00:15.3: PCI bridge to [bus 06]
[    0.280702] pci 0000:00:15.3:   bridge window [mem 0xfc800000-0xfc8fffff]
[    0.280752] pci 0000:00:15.3:   bridge window [mem 0xe6e00000-0xe6efffff 64bit pref]
[    0.281128] pci 0000:00:15.4: PCI bridge to [bus 07]
[    0.281159] pci 0000:00:15.4:   bridge window [mem 0xfc400000-0xfc4fffff]
[    0.281190] pci 0000:00:15.4:   bridge window [mem 0xe6a00000-0xe6afffff 64bit pref]
[    0.281687] pci 0000:00:15.5: PCI bridge to [bus 08]
[    0.281718] pci 0000:00:15.5:   bridge window [mem 0xfc000000-0xfc0fffff]
[    0.281750] pci 0000:00:15.5:   bridge window [mem 0xe6600000-0xe66fffff 64bit pref]
[    0.282146] pci 0000:00:15.6: PCI bridge to [bus 09]
[    0.282177] pci 0000:00:15.6:   bridge window [mem 0xfbc00000-0xfbcfffff]
[    0.282214] pci 0000:00:15.6:   bridge window [mem 0xe6200000-0xe62fffff 64bit pref]
[    0.282574] pci 0000:00:15.7: PCI bridge to [bus 0a]
[    0.282605] pci 0000:00:15.7:   bridge window [mem 0xfb800000-0xfb8fffff]
[    0.282636] pci 0000:00:15.7:   bridge window [mem 0xe5e00000-0xe5efffff 64bit pref]
[    0.283031] pci 0000:00:16.0: PCI bridge to [bus 0b]
[    0.283047] pci 0000:00:16.0:   bridge window [io  0x5000-0x5fff]
[    0.283063] pci 0000:00:16.0:   bridge window [mem 0xfd300000-0xfd3fffff]
[    0.283101] pci 0000:00:16.0:   bridge window [mem 0xe7900000-0xe79fffff 64bit pref]
[    0.283509] pci 0000:00:16.1: PCI bridge to [bus 0c]
[    0.283526] pci 0000:00:16.1:   bridge window [io  0x9000-0x9fff]
[    0.283542] pci 0000:00:16.1:   bridge window [mem 0xfcf00000-0xfcffffff]
[    0.283573] pci 0000:00:16.1:   bridge window [mem 0xe7500000-0xe75fffff 64bit pref]
[    0.283942] pci 0000:00:16.2: PCI bridge to [bus 0d]
[    0.283958] pci 0000:00:16.2:   bridge window [io  0xd000-0xdfff]
[    0.283974] pci 0000:00:16.2:   bridge window [mem 0xfcb00000-0xfcbfffff]
[    0.284005] pci 0000:00:16.2:   bridge window [mem 0xe7100000-0xe71fffff 64bit pref]
[    0.284371] pci 0000:00:16.3: PCI bridge to [bus 0e]
[    0.284401] pci 0000:00:16.3:   bridge window [mem 0xfc700000-0xfc7fffff]
[    0.284432] pci 0000:00:16.3:   bridge window [mem 0xe6d00000-0xe6dfffff 64bit pref]
[    0.284879] pci 0000:00:16.4: PCI bridge to [bus 0f]
[    0.284910] pci 0000:00:16.4:   bridge window [mem 0xfc300000-0xfc3fffff]
[    0.284940] pci 0000:00:16.4:   bridge window [mem 0xe6900000-0xe69fffff 64bit pref]
[    0.285309] pci 0000:00:16.5: PCI bridge to [bus 10]
[    0.285339] pci 0000:00:16.5:   bridge window [mem 0xfbf00000-0xfbffffff]
[    0.285370] pci 0000:00:16.5:   bridge window [mem 0xe6500000-0xe65fffff 64bit pref]
[    0.285715] pci 0000:00:16.6: PCI bridge to [bus 11]
[    0.285759] pci 0000:00:16.6:   bridge window [mem 0xfbb00000-0xfbbfffff]
[    0.285790] pci 0000:00:16.6:   bridge window [mem 0xe6100000-0xe61fffff 64bit pref]
[    0.286148] pci 0000:00:16.7: PCI bridge to [bus 12]
[    0.286179] pci 0000:00:16.7:   bridge window [mem 0xfb700000-0xfb7fffff]
[    0.286231] pci 0000:00:16.7:   bridge window [mem 0xe5d00000-0xe5dfffff 64bit pref]
[    0.286586] pci 0000:00:17.0: PCI bridge to [bus 13]
[    0.286602] pci 0000:00:17.0:   bridge window [io  0x6000-0x6fff]
[    0.286618] pci 0000:00:17.0:   bridge window [mem 0xfd200000-0xfd2fffff]
[    0.286649] pci 0000:00:17.0:   bridge window [mem 0xe7800000-0xe78fffff 64bit pref]
[    0.287729] pci 0000:00:17.1: PCI bridge to [bus 14]
[    0.287746] pci 0000:00:17.1:   bridge window [io  0xa000-0xafff]
[    0.287776] pci 0000:00:17.1:   bridge window [mem 0xfce00000-0xfcefffff]
[    0.287819] pci 0000:00:17.1:   bridge window [mem 0xe7400000-0xe74fffff 64bit pref]
[    0.288254] pci 0000:00:17.2: PCI bridge to [bus 15]
[    0.288270] pci 0000:00:17.2:   bridge window [io  0xe000-0xefff]
[    0.288286] pci 0000:00:17.2:   bridge window [mem 0xfca00000-0xfcafffff]
[    0.288316] pci 0000:00:17.2:   bridge window [mem 0xe7000000-0xe70fffff 64bit pref]
[    0.288651] pci 0000:00:17.3: PCI bridge to [bus 16]
[    0.288682] pci 0000:00:17.3:   bridge window [mem 0xfc600000-0xfc6fffff]
[    0.288737] pci 0000:00:17.3:   bridge window [mem 0xe6c00000-0xe6cfffff 64bit pref]
[    0.289259] pci 0000:00:17.4: PCI bridge to [bus 17]
[    0.289306] pci 0000:00:17.4:   bridge window [mem 0xfc200000-0xfc2fffff]
[    0.289350] pci 0000:00:17.4:   bridge window [mem 0xe6800000-0xe68fffff 64bit pref]
[    0.289836] pci 0000:00:17.5: PCI bridge to [bus 18]
[    0.289868] pci 0000:00:17.5:   bridge window [mem 0xfbe00000-0xfbefffff]
[    0.289910] pci 0000:00:17.5:   bridge window [mem 0xe6400000-0xe64fffff 64bit pref]
[    0.290331] pci 0000:00:17.6: PCI bridge to [bus 19]
[    0.290363] pci 0000:00:17.6:   bridge window [mem 0xfba00000-0xfbafffff]
[    0.290396] pci 0000:00:17.6:   bridge window [mem 0xe6000000-0xe60fffff 64bit pref]
[    0.290832] pci 0000:00:17.7: PCI bridge to [bus 1a]
[    0.290863] pci 0000:00:17.7:   bridge window [mem 0xfb600000-0xfb6fffff]
[    0.290894] pci 0000:00:17.7:   bridge window [mem 0xe5c00000-0xe5cfffff 64bit pref]
[    0.291287] pci 0000:00:18.0: PCI bridge to [bus 1b]
[    0.291304] pci 0000:00:18.0:   bridge window [io  0x7000-0x7fff]
[    0.291320] pci 0000:00:18.0:   bridge window [mem 0xfd100000-0xfd1fffff]
[    0.291350] pci 0000:00:18.0:   bridge window [mem 0xe7700000-0xe77fffff 64bit pref]
[    0.291762] pci 0000:00:18.1: PCI bridge to [bus 1c]
[    0.291778] pci 0000:00:18.1:   bridge window [io  0xb000-0xbfff]
[    0.291794] pci 0000:00:18.1:   bridge window [mem 0xfcd00000-0xfcdfffff]
[    0.291824] pci 0000:00:18.1:   bridge window [mem 0xe7300000-0xe73fffff 64bit pref]
[    0.292146] pci 0000:00:18.2: PCI bridge to [bus 1d]
[    0.292176] pci 0000:00:18.2:   bridge window [mem 0xfc900000-0xfc9fffff]
[    0.292249] pci 0000:00:18.2:   bridge window [mem 0xe6f00000-0xe6ffffff 64bit pref]
[    0.292669] pci 0000:00:18.3: PCI bridge to [bus 1e]
[    0.292701] pci 0000:00:18.3:   bridge window [mem 0xfc500000-0xfc5fffff]
[    0.292740] pci 0000:00:18.3:   bridge window [mem 0xe6b00000-0xe6bfffff 64bit pref]
[    0.293093] pci 0000:00:18.4: PCI bridge to [bus 1f]
[    0.293124] pci 0000:00:18.4:   bridge window [mem 0xfc100000-0xfc1fffff]
[    0.293156] pci 0000:00:18.4:   bridge window [mem 0xe6700000-0xe67fffff 64bit pref]
[    0.293567] pci 0000:00:18.5: PCI bridge to [bus 20]
[    0.293598] pci 0000:00:18.5:   bridge window [mem 0xfbd00000-0xfbdfffff]
[    0.293629] pci 0000:00:18.5:   bridge window [mem 0xe6300000-0xe63fffff 64bit pref]
[    0.294023] pci 0000:00:18.6: PCI bridge to [bus 21]
[    0.294053] pci 0000:00:18.6:   bridge window [mem 0xfb900000-0xfb9fffff]
[    0.294084] pci 0000:00:18.6:   bridge window [mem 0xe5f00000-0xe5ffffff 64bit pref]
[    0.294419] pci 0000:00:18.7: PCI bridge to [bus 22]
[    0.294449] pci 0000:00:18.7:   bridge window [mem 0xfb500000-0xfb5fffff]
[    0.294480] pci 0000:00:18.7:   bridge window [mem 0xe5b00000-0xe5bfffff 64bit pref]
[    0.296588] ACPI: PCI Interrupt Link [LNKA] (IRQs 3 4 5 6 7 *9 10 11 14 15)
[    0.296648] ACPI: PCI Interrupt Link [LNKB] (IRQs 3 4 5 6 7 9 10 *11 14 15)
[    0.296704] ACPI: PCI Interrupt Link [LNKC] (IRQs 3 4 5 6 7 9 *10 11 14 15)
[    0.296786] ACPI: PCI Interrupt Link [LNKD] (IRQs 3 4 5 6 *7 9 10 11 14 15)
[    0.306745] ACPI: Enabled 2 GPEs in block 00 to 0F
[    0.307616] vgaarb: setting as boot device: PCI:0000:00:0f.0
[    0.307618] vgaarb: device added: PCI:0000:00:0f.0,decodes=io+mem,owns=io+mem,locks=none
[    0.307628] vgaarb: loaded
[    0.307629] vgaarb: bridge control possible 0000:00:0f.0
[    0.308159] SCSI subsystem initialized
[    0.308502] libata version 3.00 loaded.
[    0.308542] ACPI: bus type USB registered
[    0.308555] usbcore: registered new interface driver usbfs
[    0.308560] usbcore: registered new interface driver hub
[    0.308583] usbcore: registered new device driver usb
[    0.309068] PCI: Using ACPI for IRQ routing
[    0.333029] PCI: pci_cache_line_size set to 64 bytes
[    0.333786] e820: reserve RAM buffer [mem 0x0009e800-0x0009ffff]
[    0.333788] e820: reserve RAM buffer [mem 0x7fee0000-0x7fffffff]
[    0.334016] NetLabel: Initializing
[    0.334017] NetLabel:  domain hash size = 128
[    0.334017] NetLabel:  protocols = UNLABELED CIPSOv4
[    0.334024] NetLabel:  unlabeled traffic allowed by default
[    0.334146] hpet0: at MMIO 0xfed00000, IRQs 2, 8, 0, 0, 0, 0, 0, 0, 0, 0, 0, 0, 0, 0, 0, 0
[    0.334150] hpet0: 16 comparators, 64-bit 14.318180 MHz counter
[    0.337303] Switched to clocksource hpet
[    0.366900] AppArmor: AppArmor Filesystem Enabled
[    0.366998] pnp: PnP ACPI init
[    0.367170] system 00:00: [io  0x1000-0x103f] could not be reserved
[    0.367172] system 00:00: [io  0x1040-0x104f] has been reserved
[    0.367174] system 00:00: [io  0x0cf0-0x0cf1] has been reserved
[    0.367176] system 00:00: Plug and Play ACPI device, IDs PNP0c02 (active)
[    0.367201] pnp 00:01: Plug and Play ACPI device, IDs PNP0b00 (active)
[    0.367368] pnp 00:02: Plug and Play ACPI device, IDs PNP0303 (active)
[    0.367396] pnp 00:03: Plug and Play ACPI device, IDs VMW0003 PNP0f13 (active)
[    0.367536] system 00:04: [mem 0xfed00000-0xfed003ff] has been reserved
[    0.367538] system 00:04: Plug and Play ACPI device, IDs PNP0103 PNP0c01 (active)
[    0.368551] pnp 00:05: Plug and Play ACPI device, IDs PNP0501 (active)
[    0.368875] system 00:06: [io  0xfce0-0xfcff] has been reserved
[    0.368908] system 00:06: [mem 0xf0000000-0xf7ffffff] has been reserved
[    0.368924] system 00:06: [mem 0xfe800000-0xfe9fffff] has been reserved
[    0.368925] system 00:06: Plug and Play ACPI device, IDs PNP0c02 (active)
[    0.374351] pnp: PnP ACPI: found 7 devices
[    0.381961] pci 0000:00:15.3: bridge window [io  0x1000-0x0fff] to [bus 06] add_size 1000
[    0.382008] pci 0000:00:15.4: bridge window [io  0x1000-0x0fff] to [bus 07] add_size 1000
[    0.382065] pci 0000:00:15.5: bridge window [io  0x1000-0x0fff] to [bus 08] add_size 1000
[    0.382115] pci 0000:00:15.6: bridge window [io  0x1000-0x0fff] to [bus 09] add_size 1000
[    0.382159] pci 0000:00:15.7: bridge window [io  0x1000-0x0fff] to [bus 0a] add_size 1000
[    0.382356] pci 0000:00:16.3: bridge window [io  0x1000-0x0fff] to [bus 0e] add_size 1000
[    0.382445] pci 0000:00:16.4: bridge window [io  0x1000-0x0fff] to [bus 0f] add_size 1000
[    0.382517] pci 0000:00:16.5: bridge window [io  0x1000-0x0fff] to [bus 10] add_size 1000
[    0.382560] pci 0000:00:16.6: bridge window [io  0x1000-0x0fff] to [bus 11] add_size 1000
[    0.382604] pci 0000:00:16.7: bridge window [io  0x1000-0x0fff] to [bus 12] add_size 1000
[    0.382773] pci 0000:00:17.3: bridge window [io  0x1000-0x0fff] to [bus 16] add_size 1000
[    0.382816] pci 0000:00:17.4: bridge window [io  0x1000-0x0fff] to [bus 17] add_size 1000
[    0.382859] pci 0000:00:17.5: bridge window [io  0x1000-0x0fff] to [bus 18] add_size 1000
[    0.382960] pci 0000:00:17.6: bridge window [io  0x1000-0x0fff] to [bus 19] add_size 1000
[    0.383017] pci 0000:00:17.7: bridge window [io  0x1000-0x0fff] to [bus 1a] add_size 1000
[    0.383145] pci 0000:00:18.2: bridge window [io  0x1000-0x0fff] to [bus 1d] add_size 1000
[    0.383188] pci 0000:00:18.3: bridge window [io  0x1000-0x0fff] to [bus 1e] add_size 1000
[    0.383231] pci 0000:00:18.4: bridge window [io  0x1000-0x0fff] to [bus 1f] add_size 1000
[    0.383275] pci 0000:00:18.5: bridge window [io  0x1000-0x0fff] to [bus 20] add_size 1000
[    0.383319] pci 0000:00:18.6: bridge window [io  0x1000-0x0fff] to [bus 21] add_size 1000
[    0.383362] pci 0000:00:18.7: bridge window [io  0x1000-0x0fff] to [bus 22] add_size 1000
[    0.383365] pci 0000:00:07.3: BAR 13: [io  0x1000-0x103f] has bogus alignment
[    0.383414] pci 0000:00:15.3: res[13]=[io  0x1000-0x0fff] get_res_add_size add_size 1000
[    0.383415] pci 0000:00:15.4: res[13]=[io  0x1000-0x0fff] get_res_add_size add_size 1000
[    0.383416] pci 0000:00:15.5: res[13]=[io  0x1000-0x0fff] get_res_add_size add_size 1000
[    0.383417] pci 0000:00:15.6: res[13]=[io  0x1000-0x0fff] get_res_add_size add_size 1000
[    0.383418] pci 0000:00:15.7: res[13]=[io  0x1000-0x0fff] get_res_add_size add_size 1000
[    0.383419] pci 0000:00:16.3: res[13]=[io  0x1000-0x0fff] get_res_add_size add_size 1000
[    0.383420] pci 0000:00:16.4: res[13]=[io  0x1000-0x0fff] get_res_add_size add_size 1000
[    0.383420] pci 0000:00:16.5: res[13]=[io  0x1000-0x0fff] get_res_add_size add_size 1000
[    0.383421] pci 0000:00:16.6: res[13]=[io  0x1000-0x0fff] get_res_add_size add_size 1000
[    0.383422] pci 0000:00:16.7: res[13]=[io  0x1000-0x0fff] get_res_add_size add_size 1000
[    0.383423] pci 0000:00:17.3: res[13]=[io  0x1000-0x0fff] get_res_add_size add_size 1000
[    0.383424] pci 0000:00:17.4: res[13]=[io  0x1000-0x0fff] get_res_add_size add_size 1000
[    0.383425] pci 0000:00:17.5: res[13]=[io  0x1000-0x0fff] get_res_add_size add_size 1000
[    0.383438] pci 0000:00:17.6: res[13]=[io  0x1000-0x0fff] get_res_add_size add_size 1000
[    0.383439] pci 0000:00:17.7: res[13]=[io  0x1000-0x0fff] get_res_add_size add_size 1000
[    0.383440] pci 0000:00:18.2: res[13]=[io  0x1000-0x0fff] get_res_add_size add_size 1000
[    0.383441] pci 0000:00:18.3: res[13]=[io  0x1000-0x0fff] get_res_add_size add_size 1000
[    0.383441] pci 0000:00:18.4: res[13]=[io  0x1000-0x0fff] get_res_add_size add_size 1000
[    0.383442] pci 0000:00:18.5: res[13]=[io  0x1000-0x0fff] get_res_add_size add_size 1000
[    0.383443] pci 0000:00:18.6: res[13]=[io  0x1000-0x0fff] get_res_add_size add_size 1000
[    0.383444] pci 0000:00:18.7: res[13]=[io  0x1000-0x0fff] get_res_add_size add_size 1000
[    0.383447] pci 0000:00:0f.0: BAR 6: assigned [mem 0xc0000000-0xc0007fff pref]
[    0.383449] pci 0000:00:10.0: BAR 6: assigned [mem 0xc0008000-0xc000bfff pref]
[    0.383452] pci 0000:00:15.3: BAR 13: no space for [io  size 0x1000]
[    0.383453] pci 0000:00:15.3: BAR 13: failed to assign [io  size 0x1000]
[    0.383455] pci 0000:00:15.4: BAR 13: no space for [io  size 0x1000]
[    0.383455] pci 0000:00:15.4: BAR 13: failed to assign [io  size 0x1000]
[    0.383457] pci 0000:00:15.5: BAR 13: no space for [io  size 0x1000]
[    0.383457] pci 0000:00:15.5: BAR 13: failed to assign [io  size 0x1000]
[    0.383459] pci 0000:00:15.6: BAR 13: no space for [io  size 0x1000]
[    0.383459] pci 0000:00:15.6: BAR 13: failed to assign [io  size 0x1000]
[    0.383460] pci 0000:00:15.7: BAR 13: no space for [io  size 0x1000]
[    0.383461] pci 0000:00:15.7: BAR 13: failed to assign [io  size 0x1000]
[    0.383462] pci 0000:00:16.3: BAR 13: no space for [io  size 0x1000]
[    0.383463] pci 0000:00:16.3: BAR 13: failed to assign [io  size 0x1000]
[    0.383464] pci 0000:00:16.4: BAR 13: no space for [io  size 0x1000]
[    0.383465] pci 0000:00:16.4: BAR 13: failed to assign [io  size 0x1000]
[    0.383466] pci 0000:00:16.5: BAR 13: no space for [io  size 0x1000]
[    0.383467] pci 0000:00:16.5: BAR 13: failed to assign [io  size 0x1000]
[    0.383468] pci 0000:00:16.6: BAR 13: no space for [io  size 0x1000]
[    0.383469] pci 0000:00:16.6: BAR 13: failed to assign [io  size 0x1000]
[    0.383470] pci 0000:00:16.7: BAR 13: no space for [io  size 0x1000]
[    0.383470] pci 0000:00:16.7: BAR 13: failed to assign [io  size 0x1000]
[    0.383472] pci 0000:00:17.3: BAR 13: no space for [io  size 0x1000]
[    0.383472] pci 0000:00:17.3: BAR 13: failed to assign [io  size 0x1000]
[    0.383473] pci 0000:00:17.4: BAR 13: no space for [io  size 0x1000]
[    0.383474] pci 0000:00:17.4: BAR 13: failed to assign [io  size 0x1000]
[    0.383475] pci 0000:00:17.5: BAR 13: no space for [io  size 0x1000]
[    0.383476] pci 0000:00:17.5: BAR 13: failed to assign [io  size 0x1000]
[    0.383477] pci 0000:00:17.6: BAR 13: no space for [io  size 0x1000]
[    0.383478] pci 0000:00:17.6: BAR 13: failed to assign [io  size 0x1000]
[    0.383479] pci 0000:00:17.7: BAR 13: no space for [io  size 0x1000]
[    0.383480] pci 0000:00:17.7: BAR 13: failed to assign [io  size 0x1000]
[    0.383481] pci 0000:00:18.2: BAR 13: no space for [io  size 0x1000]
[    0.383482] pci 0000:00:18.2: BAR 13: failed to assign [io  size 0x1000]
[    0.383483] pci 0000:00:18.3: BAR 13: no space for [io  size 0x1000]
[    0.383483] pci 0000:00:18.3: BAR 13: failed to assign [io  size 0x1000]
[    0.383485] pci 0000:00:18.4: BAR 13: no space for [io  size 0x1000]
[    0.383485] pci 0000:00:18.4: BAR 13: failed to assign [io  size 0x1000]
[    0.383486] pci 0000:00:18.5: BAR 13: no space for [io  size 0x1000]
[    0.383487] pci 0000:00:18.5: BAR 13: failed to assign [io  size 0x1000]
[    0.383488] pci 0000:00:18.6: BAR 13: no space for [io  size 0x1000]
[    0.383489] pci 0000:00:18.6: BAR 13: failed to assign [io  size 0x1000]
[    0.383490] pci 0000:00:18.7: BAR 13: no space for [io  size 0x1000]
[    0.383491] pci 0000:00:18.7: BAR 13: failed to assign [io  size 0x1000]
[    0.383494] pci 0000:00:18.7: BAR 13: no space for [io  size 0x1000]
[    0.383495] pci 0000:00:18.7: BAR 13: failed to assign [io  size 0x1000]
[    0.383496] pci 0000:00:18.6: BAR 13: no space for [io  size 0x1000]
[    0.383497] pci 0000:00:18.6: BAR 13: failed to assign [io  size 0x1000]
[    0.383498] pci 0000:00:18.5: BAR 13: no space for [io  size 0x1000]
[    0.383499] pci 0000:00:18.5: BAR 13: failed to assign [io  size 0x1000]
[    0.383500] pci 0000:00:18.4: BAR 13: no space for [io  size 0x1000]
[    0.383500] pci 0000:00:18.4: BAR 13: failed to assign [io  size 0x1000]
[    0.383502] pci 0000:00:18.3: BAR 13: no space for [io  size 0x1000]
[    0.383502] pci 0000:00:18.3: BAR 13: failed to assign [io  size 0x1000]
[    0.383503] pci 0000:00:18.2: BAR 13: no space for [io  size 0x1000]
[    0.383504] pci 0000:00:18.2: BAR 13: failed to assign [io  size 0x1000]
[    0.383505] pci 0000:00:17.7: BAR 13: no space for [io  size 0x1000]
[    0.383506] pci 0000:00:17.7: BAR 13: failed to assign [io  size 0x1000]
[    0.383507] pci 0000:00:17.6: BAR 13: no space for [io  size 0x1000]
[    0.383508] pci 0000:00:17.6: BAR 13: failed to assign [io  size 0x1000]
[    0.383509] pci 0000:00:17.5: BAR 13: no space for [io  size 0x1000]
[    0.383510] pci 0000:00:17.5: BAR 13: failed to assign [io  size 0x1000]
[    0.383511] pci 0000:00:17.4: BAR 13: no space for [io  size 0x1000]
[    0.383512] pci 0000:00:17.4: BAR 13: failed to assign [io  size 0x1000]
[    0.383513] pci 0000:00:17.3: BAR 13: no space for [io  size 0x1000]
[    0.383514] pci 0000:00:17.3: BAR 13: failed to assign [io  size 0x1000]
[    0.383515] pci 0000:00:16.7: BAR 13: no space for [io  size 0x1000]
[    0.383516] pci 0000:00:16.7: BAR 13: failed to assign [io  size 0x1000]
[    0.383517] pci 0000:00:16.6: BAR 13: no space for [io  size 0x1000]
[    0.383517] pci 0000:00:16.6: BAR 13: failed to assign [io  size 0x1000]
[    0.383519] pci 0000:00:16.5: BAR 13: no space for [io  size 0x1000]
[    0.383519] pci 0000:00:16.5: BAR 13: failed to assign [io  size 0x1000]
[    0.383520] pci 0000:00:16.4: BAR 13: no space for [io  size 0x1000]
[    0.383521] pci 0000:00:16.4: BAR 13: failed to assign [io  size 0x1000]
[    0.383522] pci 0000:00:16.3: BAR 13: no space for [io  size 0x1000]
[    0.383523] pci 0000:00:16.3: BAR 13: failed to assign [io  size 0x1000]
[    0.383524] pci 0000:00:15.7: BAR 13: no space for [io  size 0x1000]
[    0.383525] pci 0000:00:15.7: BAR 13: failed to assign [io  size 0x1000]
[    0.383526] pci 0000:00:15.6: BAR 13: no space for [io  size 0x1000]
[    0.383527] pci 0000:00:15.6: BAR 13: failed to assign [io  size 0x1000]
[    0.383528] pci 0000:00:15.5: BAR 13: no space for [io  size 0x1000]
[    0.383529] pci 0000:00:15.5: BAR 13: failed to assign [io  size 0x1000]
[    0.383530] pci 0000:00:15.4: BAR 13: no space for [io  size 0x1000]
[    0.383531] pci 0000:00:15.4: BAR 13: failed to assign [io  size 0x1000]
[    0.383532] pci 0000:00:15.3: BAR 13: no space for [io  size 0x1000]
[    0.383533] pci 0000:00:15.3: BAR 13: failed to assign [io  size 0x1000]
[    0.383534] pci 0000:00:01.0: PCI bridge to [bus 01]
[    0.383603] pci 0000:02:01.0: BAR 6: assigned [mem 0xfd500000-0xfd50ffff pref]
[    0.383604] pci 0000:02:05.0: BAR 6: assigned [mem 0xfd510000-0xfd51ffff pref]
[    0.383605] pci 0000:00:11.0: PCI bridge to [bus 02]
[    0.383614] pci 0000:00:11.0:   bridge window [io  0x2000-0x3fff]
[    0.383637] pci 0000:00:11.0:   bridge window [mem 0xfd500000-0xfdffffff]
[    0.383652] pci 0000:00:11.0:   bridge window [mem 0xe7b00000-0xe7ffffff 64bit pref]
[    0.383682] pci 0000:00:15.0: PCI bridge to [bus 03]
[    0.383690] pci 0000:00:15.0:   bridge window [io  0x4000-0x4fff]
[    0.383712] pci 0000:00:15.0:   bridge window [mem 0xfd400000-0xfd4fffff]
[    0.383728] pci 0000:00:15.0:   bridge window [mem 0xe7a00000-0xe7afffff 64bit pref]
[    0.383796] pci 0000:00:15.1: PCI bridge to [bus 04]
[    0.383805] pci 0000:00:15.1:   bridge window [io  0x8000-0x8fff]
[    0.383828] pci 0000:00:15.1:   bridge window [mem 0xfd000000-0xfd0fffff]
[    0.383850] pci 0000:00:15.1:   bridge window [mem 0xe7600000-0xe76fffff 64bit pref]
[    0.383932] pci 0000:00:15.2: PCI bridge to [bus 05]
[    0.383942] pci 0000:00:15.2:   bridge window [io  0xc000-0xcfff]
[    0.383966] pci 0000:00:15.2:   bridge window [mem 0xfcc00000-0xfccfffff]
[    0.384007] pci 0000:00:15.2:   bridge window [mem 0xe7200000-0xe72fffff 64bit pref]
[    0.384044] pci 0000:00:15.3: PCI bridge to [bus 06]
[    0.384067] pci 0000:00:15.3:   bridge window [mem 0xfc800000-0xfc8fffff]
[    0.384082] pci 0000:00:15.3:   bridge window [mem 0xe6e00000-0xe6efffff 64bit pref]
[    0.384118] pci 0000:00:15.4: PCI bridge to [bus 07]
[    0.384141] pci 0000:00:15.4:   bridge window [mem 0xfc400000-0xfc4fffff]
[    0.384157] pci 0000:00:15.4:   bridge window [mem 0xe6a00000-0xe6afffff 64bit pref]
[    0.384193] pci 0000:00:15.5: PCI bridge to [bus 08]
[    0.384216] pci 0000:00:15.5:   bridge window [mem 0xfc000000-0xfc0fffff]
[    0.384231] pci 0000:00:15.5:   bridge window [mem 0xe6600000-0xe66fffff 64bit pref]
[    0.384268] pci 0000:00:15.6: PCI bridge to [bus 09]
[    0.384292] pci 0000:00:15.6:   bridge window [mem 0xfbc00000-0xfbcfffff]
[    0.384307] pci 0000:00:15.6:   bridge window [mem 0xe6200000-0xe62fffff 64bit pref]
[    0.384377] pci 0000:00:15.7: PCI bridge to [bus 0a]
[    0.384421] pci 0000:00:15.7:   bridge window [mem 0xfb800000-0xfb8fffff]
[    0.384450] pci 0000:00:15.7:   bridge window [mem 0xe5e00000-0xe5efffff 64bit pref]
[    0.384488] pci 0000:00:16.0: PCI bridge to [bus 0b]
[    0.384497] pci 0000:00:16.0:   bridge window [io  0x5000-0x5fff]
[    0.384520] pci 0000:00:16.0:   bridge window [mem 0xfd300000-0xfd3fffff]
[    0.384535] pci 0000:00:16.0:   bridge window [mem 0xe7900000-0xe79fffff 64bit pref]
[    0.384571] pci 0000:00:16.1: PCI bridge to [bus 0c]
[    0.384580] pci 0000:00:16.1:   bridge window [io  0x9000-0x9fff]
[    0.384603] pci 0000:00:16.1:   bridge window [mem 0xfcf00000-0xfcffffff]
[    0.384618] pci 0000:00:16.1:   bridge window [mem 0xe7500000-0xe75fffff 64bit pref]
[    0.384654] pci 0000:00:16.2: PCI bridge to [bus 0d]
[    0.384663] pci 0000:00:16.2:   bridge window [io  0xd000-0xdfff]
[    0.384685] pci 0000:00:16.2:   bridge window [mem 0xfcb00000-0xfcbfffff]
[    0.384701] pci 0000:00:16.2:   bridge window [mem 0xe7100000-0xe71fffff 64bit pref]
[    0.384737] pci 0000:00:16.3: PCI bridge to [bus 0e]
[    0.384760] pci 0000:00:16.3:   bridge window [mem 0xfc700000-0xfc7fffff]
[    0.384775] pci 0000:00:16.3:   bridge window [mem 0xe6d00000-0xe6dfffff 64bit pref]
[    0.384812] pci 0000:00:16.4: PCI bridge to [bus 0f]
[    0.384835] pci 0000:00:16.4:   bridge window [mem 0xfc300000-0xfc3fffff]
[    0.384850] pci 0000:00:16.4:   bridge window [mem 0xe6900000-0xe69fffff 64bit pref]
[    0.384904] pci 0000:00:16.5: PCI bridge to [bus 10]
[    0.384948] pci 0000:00:16.5:   bridge window [mem 0xfbf00000-0xfbffffff]
[    0.384964] pci 0000:00:16.5:   bridge window [mem 0xe6500000-0xe65fffff 64bit pref]
[    0.385028] pci 0000:00:16.6: PCI bridge to [bus 11]
[    0.385051] pci 0000:00:16.6:   bridge window [mem 0xfbb00000-0xfbbfffff]
[    0.385066] pci 0000:00:16.6:   bridge window [mem 0xe6100000-0xe61fffff 64bit pref]
[    0.385102] pci 0000:00:16.7: PCI bridge to [bus 12]
[    0.385126] pci 0000:00:16.7:   bridge window [mem 0xfb700000-0xfb7fffff]
[    0.385141] pci 0000:00:16.7:   bridge window [mem 0xe5d00000-0xe5dfffff 64bit pref]
[    0.385177] pci 0000:00:17.0: PCI bridge to [bus 13]
[    0.385186] pci 0000:00:17.0:   bridge window [io  0x6000-0x6fff]
[    0.385208] pci 0000:00:17.0:   bridge window [mem 0xfd200000-0xfd2fffff]
[    0.385224] pci 0000:00:17.0:   bridge window [mem 0xe7800000-0xe78fffff 64bit pref]
[    0.385259] pci 0000:00:17.1: PCI bridge to [bus 14]
[    0.385282] pci 0000:00:17.1:   bridge window [io  0xa000-0xafff]
[    0.385305] pci 0000:00:17.1:   bridge window [mem 0xfce00000-0xfcefffff]
[    0.385320] pci 0000:00:17.1:   bridge window [mem 0xe7400000-0xe74fffff 64bit pref]
[    0.385357] pci 0000:00:17.2: PCI bridge to [bus 15]
[    0.385366] pci 0000:00:17.2:   bridge window [io  0xe000-0xefff]
[    0.385407] pci 0000:00:17.2:   bridge window [mem 0xfca00000-0xfcafffff]
[    0.385449] pci 0000:00:17.2:   bridge window [mem 0xe7000000-0xe70fffff 64bit pref]
[    0.385512] pci 0000:00:17.3: PCI bridge to [bus 16]
[    0.385535] pci 0000:00:17.3:   bridge window [mem 0xfc600000-0xfc6fffff]
[    0.385550] pci 0000:00:17.3:   bridge window [mem 0xe6c00000-0xe6cfffff 64bit pref]
[    0.385586] pci 0000:00:17.4: PCI bridge to [bus 17]
[    0.385609] pci 0000:00:17.4:   bridge window [mem 0xfc200000-0xfc2fffff]
[    0.385624] pci 0000:00:17.4:   bridge window [mem 0xe6800000-0xe68fffff 64bit pref]
[    0.385660] pci 0000:00:17.5: PCI bridge to [bus 18]
[    0.385683] pci 0000:00:17.5:   bridge window [mem 0xfbe00000-0xfbefffff]
[    0.385698] pci 0000:00:17.5:   bridge window [mem 0xe6400000-0xe64fffff 64bit pref]
[    0.385734] pci 0000:00:17.6: PCI bridge to [bus 19]
[    0.385757] pci 0000:00:17.6:   bridge window [mem 0xfba00000-0xfbafffff]
[    0.385772] pci 0000:00:17.6:   bridge window [mem 0xe6000000-0xe60fffff 64bit pref]
[    0.385808] pci 0000:00:17.7: PCI bridge to [bus 1a]
[    0.385831] pci 0000:00:17.7:   bridge window [mem 0xfb600000-0xfb6fffff]
[    0.385846] pci 0000:00:17.7:   bridge window [mem 0xe5c00000-0xe5cfffff 64bit pref]
[    0.385882] pci 0000:00:18.0: PCI bridge to [bus 1b]
[    0.385935] pci 0000:00:18.0:   bridge window [io  0x7000-0x7fff]
[    0.385972] pci 0000:00:18.0:   bridge window [mem 0xfd100000-0xfd1fffff]
[    0.386000] pci 0000:00:18.0:   bridge window [mem 0xe7700000-0xe77fffff 64bit pref]
[    0.386036] pci 0000:00:18.1: PCI bridge to [bus 1c]
[    0.386045] pci 0000:00:18.1:   bridge window [io  0xb000-0xbfff]
[    0.386067] pci 0000:00:18.1:   bridge window [mem 0xfcd00000-0xfcdfffff]
[    0.386083] pci 0000:00:18.1:   bridge window [mem 0xe7300000-0xe73fffff 64bit pref]
[    0.386118] pci 0000:00:18.2: PCI bridge to [bus 1d]
[    0.386142] pci 0000:00:18.2:   bridge window [mem 0xfc900000-0xfc9fffff]
[    0.386157] pci 0000:00:18.2:   bridge window [mem 0xe6f00000-0xe6ffffff 64bit pref]
[    0.386192] pci 0000:00:18.3: PCI bridge to [bus 1e]
[    0.386216] pci 0000:00:18.3:   bridge window [mem 0xfc500000-0xfc5fffff]
[    0.386231] pci 0000:00:18.3:   bridge window [mem 0xe6b00000-0xe6bfffff 64bit pref]
[    0.386267] pci 0000:00:18.4: PCI bridge to [bus 1f]
[    0.386290] pci 0000:00:18.4:   bridge window [mem 0xfc100000-0xfc1fffff]
[    0.386305] pci 0000:00:18.4:   bridge window [mem 0xe6700000-0xe67fffff 64bit pref]
[    0.386341] pci 0000:00:18.5: PCI bridge to [bus 20]
[    0.386364] pci 0000:00:18.5:   bridge window [mem 0xfbd00000-0xfbdfffff]
[    0.386379] pci 0000:00:18.5:   bridge window [mem 0xe6300000-0xe63fffff 64bit pref]
[    0.386472] pci 0000:00:18.6: PCI bridge to [bus 21]
[    0.386508] pci 0000:00:18.6:   bridge window [mem 0xfb900000-0xfb9fffff]
[    0.386524] pci 0000:00:18.6:   bridge window [mem 0xe5f00000-0xe5ffffff 64bit pref]
[    0.386560] pci 0000:00:18.7: PCI bridge to [bus 22]
[    0.386583] pci 0000:00:18.7:   bridge window [mem 0xfb500000-0xfb5fffff]
[    0.386598] pci 0000:00:18.7:   bridge window [mem 0xe5b00000-0xe5bfffff 64bit pref]
[    0.386635] pci_bus 0000:00: resource 4 [mem 0x000a0000-0x000bffff]
[    0.386636] pci_bus 0000:00: resource 5 [mem 0x000d0000-0x000d3fff]
[    0.386637] pci_bus 0000:00: resource 6 [mem 0x000d4000-0x000d7fff]
[    0.386637] pci_bus 0000:00: resource 7 [mem 0x000d8000-0x000dbfff]
[    0.386638] pci_bus 0000:00: resource 8 [mem 0xc0000000-0xfebfffff]
[    0.386639] pci_bus 0000:00: resource 9 [io  0x0000-0x0cf7]
[    0.386640] pci_bus 0000:00: resource 10 [io  0x0d00-0xfeff]
[    0.386642] pci_bus 0000:02: resource 0 [io  0x2000-0x3fff]
[    0.386643] pci_bus 0000:02: resource 1 [mem 0xfd500000-0xfdffffff]
[    0.386644] pci_bus 0000:02: resource 2 [mem 0xe7b00000-0xe7ffffff 64bit pref]
[    0.386645] pci_bus 0000:02: resource 4 [mem 0x000a0000-0x000bffff]
[    0.386645] pci_bus 0000:02: resource 5 [mem 0x000d0000-0x000d3fff]
[    0.386646] pci_bus 0000:02: resource 6 [mem 0x000d4000-0x000d7fff]
[    0.386647] pci_bus 0000:02: resource 7 [mem 0x000d8000-0x000dbfff]
[    0.386648] pci_bus 0000:02: resource 8 [mem 0xc0000000-0xfebfffff]
[    0.386648] pci_bus 0000:02: resource 9 [io  0x0000-0x0cf7]
[    0.386649] pci_bus 0000:02: resource 10 [io  0x0d00-0xfeff]
[    0.386650] pci_bus 0000:03: resource 0 [io  0x4000-0x4fff]
[    0.386651] pci_bus 0000:03: resource 1 [mem 0xfd400000-0xfd4fffff]
[    0.386652] pci_bus 0000:03: resource 2 [mem 0xe7a00000-0xe7afffff 64bit pref]
[    0.386653] pci_bus 0000:04: resource 0 [io  0x8000-0x8fff]
[    0.386653] pci_bus 0000:04: resource 1 [mem 0xfd000000-0xfd0fffff]
[    0.386654] pci_bus 0000:04: resource 2 [mem 0xe7600000-0xe76fffff 64bit pref]
[    0.386655] pci_bus 0000:05: resource 0 [io  0xc000-0xcfff]
[    0.386656] pci_bus 0000:05: resource 1 [mem 0xfcc00000-0xfccfffff]
[    0.386656] pci_bus 0000:05: resource 2 [mem 0xe7200000-0xe72fffff 64bit pref]
[    0.386657] pci_bus 0000:06: resource 1 [mem 0xfc800000-0xfc8fffff]
[    0.386658] pci_bus 0000:06: resource 2 [mem 0xe6e00000-0xe6efffff 64bit pref]
[    0.386659] pci_bus 0000:07: resource 1 [mem 0xfc400000-0xfc4fffff]
[    0.386660] pci_bus 0000:07: resource 2 [mem 0xe6a00000-0xe6afffff 64bit pref]
[    0.386661] pci_bus 0000:08: resource 1 [mem 0xfc000000-0xfc0fffff]
[    0.386662] pci_bus 0000:08: resource 2 [mem 0xe6600000-0xe66fffff 64bit pref]
[    0.386662] pci_bus 0000:09: resource 1 [mem 0xfbc00000-0xfbcfffff]
[    0.386663] pci_bus 0000:09: resource 2 [mem 0xe6200000-0xe62fffff 64bit pref]
[    0.386664] pci_bus 0000:0a: resource 1 [mem 0xfb800000-0xfb8fffff]
[    0.386665] pci_bus 0000:0a: resource 2 [mem 0xe5e00000-0xe5efffff 64bit pref]
[    0.386665] pci_bus 0000:0b: resource 0 [io  0x5000-0x5fff]
[    0.386666] pci_bus 0000:0b: resource 1 [mem 0xfd300000-0xfd3fffff]
[    0.386667] pci_bus 0000:0b: resource 2 [mem 0xe7900000-0xe79fffff 64bit pref]
[    0.386668] pci_bus 0000:0c: resource 0 [io  0x9000-0x9fff]
[    0.386669] pci_bus 0000:0c: resource 1 [mem 0xfcf00000-0xfcffffff]
[    0.386669] pci_bus 0000:0c: resource 2 [mem 0xe7500000-0xe75fffff 64bit pref]
[    0.386670] pci_bus 0000:0d: resource 0 [io  0xd000-0xdfff]
[    0.386671] pci_bus 0000:0d: resource 1 [mem 0xfcb00000-0xfcbfffff]
[    0.386672] pci_bus 0000:0d: resource 2 [mem 0xe7100000-0xe71fffff 64bit pref]
[    0.386673] pci_bus 0000:0e: resource 1 [mem 0xfc700000-0xfc7fffff]
[    0.386673] pci_bus 0000:0e: resource 2 [mem 0xe6d00000-0xe6dfffff 64bit pref]
[    0.386674] pci_bus 0000:0f: resource 1 [mem 0xfc300000-0xfc3fffff]
[    0.386675] pci_bus 0000:0f: resource 2 [mem 0xe6900000-0xe69fffff 64bit pref]
[    0.386676] pci_bus 0000:10: resource 1 [mem 0xfbf00000-0xfbffffff]
[    0.386677] pci_bus 0000:10: resource 2 [mem 0xe6500000-0xe65fffff 64bit pref]
[    0.386678] pci_bus 0000:11: resource 1 [mem 0xfbb00000-0xfbbfffff]
[    0.386678] pci_bus 0000:11: resource 2 [mem 0xe6100000-0xe61fffff 64bit pref]
[    0.386679] pci_bus 0000:12: resource 1 [mem 0xfb700000-0xfb7fffff]
[    0.386680] pci_bus 0000:12: resource 2 [mem 0xe5d00000-0xe5dfffff 64bit pref]
[    0.386681] pci_bus 0000:13: resource 0 [io  0x6000-0x6fff]
[    0.386681] pci_bus 0000:13: resource 1 [mem 0xfd200000-0xfd2fffff]
[    0.386682] pci_bus 0000:13: resource 2 [mem 0xe7800000-0xe78fffff 64bit pref]
[    0.386683] pci_bus 0000:14: resource 0 [io  0xa000-0xafff]
[    0.386684] pci_bus 0000:14: resource 1 [mem 0xfce00000-0xfcefffff]
[    0.386685] pci_bus 0000:14: resource 2 [mem 0xe7400000-0xe74fffff 64bit pref]
[    0.386685] pci_bus 0000:15: resource 0 [io  0xe000-0xefff]
[    0.386686] pci_bus 0000:15: resource 1 [mem 0xfca00000-0xfcafffff]
[    0.386687] pci_bus 0000:15: resource 2 [mem 0xe7000000-0xe70fffff 64bit pref]
[    0.386688] pci_bus 0000:16: resource 1 [mem 0xfc600000-0xfc6fffff]
[    0.386688] pci_bus 0000:16: resource 2 [mem 0xe6c00000-0xe6cfffff 64bit pref]
[    0.386689] pci_bus 0000:17: resource 1 [mem 0xfc200000-0xfc2fffff]
[    0.386690] pci_bus 0000:17: resource 2 [mem 0xe6800000-0xe68fffff 64bit pref]
[    0.386691] pci_bus 0000:18: resource 1 [mem 0xfbe00000-0xfbefffff]
[    0.386692] pci_bus 0000:18: resource 2 [mem 0xe6400000-0xe64fffff 64bit pref]
[    0.386692] pci_bus 0000:19: resource 1 [mem 0xfba00000-0xfbafffff]
[    0.386693] pci_bus 0000:19: resource 2 [mem 0xe6000000-0xe60fffff 64bit pref]
[    0.386694] pci_bus 0000:1a: resource 1 [mem 0xfb600000-0xfb6fffff]
[    0.386695] pci_bus 0000:1a: resource 2 [mem 0xe5c00000-0xe5cfffff 64bit pref]
[    0.386696] pci_bus 0000:1b: resource 0 [io  0x7000-0x7fff]
[    0.386696] pci_bus 0000:1b: resource 1 [mem 0xfd100000-0xfd1fffff]
[    0.386697] pci_bus 0000:1b: resource 2 [mem 0xe7700000-0xe77fffff 64bit pref]
[    0.386698] pci_bus 0000:1c: resource 0 [io  0xb000-0xbfff]
[    0.386699] pci_bus 0000:1c: resource 1 [mem 0xfcd00000-0xfcdfffff]
[    0.386700] pci_bus 0000:1c: resource 2 [mem 0xe7300000-0xe73fffff 64bit pref]
[    0.386700] pci_bus 0000:1d: resource 1 [mem 0xfc900000-0xfc9fffff]
[    0.386701] pci_bus 0000:1d: resource 2 [mem 0xe6f00000-0xe6ffffff 64bit pref]
[    0.386702] pci_bus 0000:1e: resource 1 [mem 0xfc500000-0xfc5fffff]
[    0.386703] pci_bus 0000:1e: resource 2 [mem 0xe6b00000-0xe6bfffff 64bit pref]
[    0.386704] pci_bus 0000:1f: resource 1 [mem 0xfc100000-0xfc1fffff]
[    0.386704] pci_bus 0000:1f: resource 2 [mem 0xe6700000-0xe67fffff 64bit pref]
[    0.386705] pci_bus 0000:20: resource 1 [mem 0xfbd00000-0xfbdfffff]
[    0.386706] pci_bus 0000:20: resource 2 [mem 0xe6300000-0xe63fffff 64bit pref]
[    0.386707] pci_bus 0000:21: resource 1 [mem 0xfb900000-0xfb9fffff]
[    0.386708] pci_bus 0000:21: resource 2 [mem 0xe5f00000-0xe5ffffff 64bit pref]
[    0.386708] pci_bus 0000:22: resource 1 [mem 0xfb500000-0xfb5fffff]
[    0.386709] pci_bus 0000:22: resource 2 [mem 0xe5b00000-0xe5bfffff 64bit pref]
[    0.386814] NET: Registered protocol family 2
[    0.388306] TCP established hash table entries: 16384 (order: 5, 131072 bytes)
[    0.388904] TCP bind hash table entries: 16384 (order: 6, 262144 bytes)
[    0.390007] TCP: Hash tables configured (established 16384 bind 16384)
[    0.390600] TCP: reno registered
[    0.390611] UDP hash table entries: 1024 (order: 3, 32768 bytes)
[    0.390717] UDP-Lite hash table entries: 1024 (order: 3, 32768 bytes)
[    0.391606] NET: Registered protocol family 1
[    0.391616] pci 0000:00:00.0: Limiting direct PCI/PCI transfers
[    0.391686] pci 0000:00:0f.0: Video device with shadowed ROM
[    0.392704] PCI: CLS mismatch (32 != 64), using 64 bytes
[    0.393266] Trying to unpack rootfs image as initramfs...
[    0.875864] Freeing initrd memory: 19332K (ffff880035a2e000 - ffff880036d0f000)
[    0.875925] Simple Boot Flag at 0x36 set to 0x80
[    0.875975] Switched to clocksource tsc
[    0.876095] microcode: CPU0 sig=0x906e9, pf=0x1, revision=0x48
[    0.876128] microcode: Microcode Update Driver: v2.00 <tigran@aivazian.fsnet.co.uk>, Peter Oruba
[    0.876177] Scanning for low memory corruption every 60 seconds
[    0.878795] futex hash table entries: 32768 (order: 9, 2097152 bytes)
[    0.886880] Initialise system trusted keyring
[    0.886915] audit: initializing netlink subsys (disabled)
[    0.887039] audit: type=2000 audit(1509763418.863:1): initialized
[    0.887324] HugeTLB registered 2 MB page size, pre-allocated 0 pages
[    0.889617] zpool: loaded
[    0.889619] zbud: loaded
[    0.889928] VFS: Disk quotas dquot_6.5.2
[    0.890023] VFS: Dquot-cache hash table entries: 512 (order 0, 4096 bytes)
[    0.890880] fuse init (API version 7.23)
[    0.891153] Key type big_key registered
[    0.891597] Key type asymmetric registered
[    0.891600] Asymmetric key parser 'x509' registered
[    0.891630] Block layer SCSI generic (bsg) driver version 0.4 loaded (major 252)
[    0.891668] io scheduler noop registered
[    0.891671] io scheduler deadline registered (default)
[    0.891693] io scheduler cfq registered
[    0.909244] pcieport 0000:00:15.0: Signaling PME through PCIe PME interrupt
[    0.909262] pcie_pme 0000:00:15.0:pcie01: service driver pcie_pme loaded
[    0.909361] pcieport 0000:00:15.1: Signaling PME through PCIe PME interrupt
[    0.909378] pcie_pme 0000:00:15.1:pcie01: service driver pcie_pme loaded
[    0.909459] pcieport 0000:00:15.2: Signaling PME through PCIe PME interrupt
[    0.909476] pcie_pme 0000:00:15.2:pcie01: service driver pcie_pme loaded
[    0.909594] pcieport 0000:00:15.3: Signaling PME through PCIe PME interrupt
[    0.909610] pcie_pme 0000:00:15.3:pcie01: service driver pcie_pme loaded
[    0.909691] pcieport 0000:00:15.4: Signaling PME through PCIe PME interrupt
[    0.909707] pcie_pme 0000:00:15.4:pcie01: service driver pcie_pme loaded
[    0.909787] pcieport 0000:00:15.5: Signaling PME through PCIe PME interrupt
[    0.909804] pcie_pme 0000:00:15.5:pcie01: service driver pcie_pme loaded
[    0.909885] pcieport 0000:00:15.6: Signaling PME through PCIe PME interrupt
[    0.909901] pcie_pme 0000:00:15.6:pcie01: service driver pcie_pme loaded
[    0.910006] pcieport 0000:00:15.7: Signaling PME through PCIe PME interrupt
[    0.910042] pcie_pme 0000:00:15.7:pcie01: service driver pcie_pme loaded
[    0.910136] pcieport 0000:00:16.0: Signaling PME through PCIe PME interrupt
[    0.910153] pcie_pme 0000:00:16.0:pcie01: service driver pcie_pme loaded
[    0.910233] pcieport 0000:00:16.1: Signaling PME through PCIe PME interrupt
[    0.910249] pcie_pme 0000:00:16.1:pcie01: service driver pcie_pme loaded
[    0.910330] pcieport 0000:00:16.2: Signaling PME through PCIe PME interrupt
[    0.910347] pcie_pme 0000:00:16.2:pcie01: service driver pcie_pme loaded
[    0.910428] pcieport 0000:00:16.3: Signaling PME through PCIe PME interrupt
[    0.910444] pcie_pme 0000:00:16.3:pcie01: service driver pcie_pme loaded
[    0.910530] pcieport 0000:00:16.4: Signaling PME through PCIe PME interrupt
[    0.910546] pcie_pme 0000:00:16.4:pcie01: service driver pcie_pme loaded
[    0.910643] pcieport 0000:00:16.5: Signaling PME through PCIe PME interrupt
[    0.910659] pcie_pme 0000:00:16.5:pcie01: service driver pcie_pme loaded
[    0.910740] pcieport 0000:00:16.6: Signaling PME through PCIe PME interrupt
[    0.910756] pcie_pme 0000:00:16.6:pcie01: service driver pcie_pme loaded
[    0.910836] pcieport 0000:00:16.7: Signaling PME through PCIe PME interrupt
[    0.910852] pcie_pme 0000:00:16.7:pcie01: service driver pcie_pme loaded
[    0.910933] pcieport 0000:00:17.0: Signaling PME through PCIe PME interrupt
[    0.910949] pcie_pme 0000:00:17.0:pcie01: service driver pcie_pme loaded
[    0.911108] pcieport 0000:00:17.1: Signaling PME through PCIe PME interrupt
[    0.911127] pcie_pme 0000:00:17.1:pcie01: service driver pcie_pme loaded
[    0.911213] pcieport 0000:00:17.2: Signaling PME through PCIe PME interrupt
[    0.911230] pcie_pme 0000:00:17.2:pcie01: service driver pcie_pme loaded
[    0.911331] pcieport 0000:00:17.3: Signaling PME through PCIe PME interrupt
[    0.911349] pcie_pme 0000:00:17.3:pcie01: service driver pcie_pme loaded
[    0.911506] pcieport 0000:00:17.4: Signaling PME through PCIe PME interrupt
[    0.911522] pcie_pme 0000:00:17.4:pcie01: service driver pcie_pme loaded
[    0.911640] pcieport 0000:00:17.5: Signaling PME through PCIe PME interrupt
[    0.911656] pcie_pme 0000:00:17.5:pcie01: service driver pcie_pme loaded
[    0.911737] pcieport 0000:00:17.6: Signaling PME through PCIe PME interrupt
[    0.911753] pcie_pme 0000:00:17.6:pcie01: service driver pcie_pme loaded
[    0.911853] pcieport 0000:00:17.7: Signaling PME through PCIe PME interrupt
[    0.911882] pcie_pme 0000:00:17.7:pcie01: service driver pcie_pme loaded
[    0.912078] pcieport 0000:00:18.0: Signaling PME through PCIe PME interrupt
[    0.912097] pcie_pme 0000:00:18.0:pcie01: service driver pcie_pme loaded
[    0.912185] pcieport 0000:00:18.1: Signaling PME through PCIe PME interrupt
[    0.912202] pcie_pme 0000:00:18.1:pcie01: service driver pcie_pme loaded
[    0.912283] pcieport 0000:00:18.2: Signaling PME through PCIe PME interrupt
[    0.912299] pcie_pme 0000:00:18.2:pcie01: service driver pcie_pme loaded
[    0.912379] pcieport 0000:00:18.3: Signaling PME through PCIe PME interrupt
[    0.912396] pcie_pme 0000:00:18.3:pcie01: service driver pcie_pme loaded
[    0.912563] pcieport 0000:00:18.4: Signaling PME through PCIe PME interrupt
[    0.912608] pcie_pme 0000:00:18.4:pcie01: service driver pcie_pme loaded
[    0.912721] pcieport 0000:00:18.5: Signaling PME through PCIe PME interrupt
[    0.912738] pcie_pme 0000:00:18.5:pcie01: service driver pcie_pme loaded
[    0.912820] pcieport 0000:00:18.6: Signaling PME through PCIe PME interrupt
[    0.912837] pcie_pme 0000:00:18.6:pcie01: service driver pcie_pme loaded
[    0.912920] pcieport 0000:00:18.7: Signaling PME through PCIe PME interrupt
[    0.912945] pcie_pme 0000:00:18.7:pcie01: service driver pcie_pme loaded
[    0.912954] pci_hotplug: PCI Hot Plug PCI Core version: 0.5
[    0.913372] pciehp 0000:00:15.0:pcie04: Slot #160 AttnBtn+ AttnInd- PwrInd- PwrCtrl+ MRL- Interlock- NoCompl+ LLActRep+
[    0.913447] pciehp 0000:00:15.0:pcie04: service driver pciehp loaded
[    0.913474] pciehp 0000:00:15.1:pcie04: Slot #161 AttnBtn+ AttnInd- PwrInd- PwrCtrl+ MRL- Interlock- NoCompl+ LLActRep+
[    0.913535] pciehp 0000:00:15.1:pcie04: service driver pciehp loaded
[    0.913562] pciehp 0000:00:15.2:pcie04: Slot #162 AttnBtn+ AttnInd- PwrInd- PwrCtrl+ MRL- Interlock- NoCompl+ LLActRep+
[    0.913613] pciehp 0000:00:15.2:pcie04: service driver pciehp loaded
[    0.913640] pciehp 0000:00:15.3:pcie04: Slot #163 AttnBtn+ AttnInd- PwrInd- PwrCtrl+ MRL- Interlock- NoCompl+ LLActRep+
[    0.913696] pciehp 0000:00:15.3:pcie04: service driver pciehp loaded
[    0.913723] pciehp 0000:00:15.4:pcie04: Slot #164 AttnBtn+ AttnInd- PwrInd- PwrCtrl+ MRL- Interlock- NoCompl+ LLActRep+
[    0.913774] pciehp 0000:00:15.4:pcie04: service driver pciehp loaded
[    0.913801] pciehp 0000:00:15.5:pcie04: Slot #165 AttnBtn+ AttnInd- PwrInd- PwrCtrl+ MRL- Interlock- NoCompl+ LLActRep+
[    0.913852] pciehp 0000:00:15.5:pcie04: service driver pciehp loaded
[    0.913878] pciehp 0000:00:15.6:pcie04: Slot #166 AttnBtn+ AttnInd- PwrInd- PwrCtrl+ MRL- Interlock- NoCompl+ LLActRep+
[    0.913930] pciehp 0000:00:15.6:pcie04: service driver pciehp loaded
[    0.913956] pciehp 0000:00:15.7:pcie04: Slot #167 AttnBtn+ AttnInd- PwrInd- PwrCtrl+ MRL- Interlock- NoCompl+ LLActRep+
[    0.914014] pciehp 0000:00:15.7:pcie04: service driver pciehp loaded
[    0.914040] pciehp 0000:00:16.0:pcie04: Slot #192 AttnBtn+ AttnInd- PwrInd- PwrCtrl+ MRL- Interlock- NoCompl+ LLActRep+
[    0.914092] pciehp 0000:00:16.0:pcie04: service driver pciehp loaded
[    0.914118] pciehp 0000:00:16.1:pcie04: Slot #193 AttnBtn+ AttnInd- PwrInd- PwrCtrl+ MRL- Interlock- NoCompl+ LLActRep+
[    0.914171] pciehp 0000:00:16.1:pcie04: service driver pciehp loaded
[    0.914197] pciehp 0000:00:16.2:pcie04: Slot #194 AttnBtn+ AttnInd- PwrInd- PwrCtrl+ MRL- Interlock- NoCompl+ LLActRep+
[    0.914250] pciehp 0000:00:16.2:pcie04: service driver pciehp loaded
[    0.914276] pciehp 0000:00:16.3:pcie04: Slot #195 AttnBtn+ AttnInd- PwrInd- PwrCtrl+ MRL- Interlock- NoCompl+ LLActRep+
[    0.914327] pciehp 0000:00:16.3:pcie04: service driver pciehp loaded
[    0.914353] pciehp 0000:00:16.4:pcie04: Slot #196 AttnBtn+ AttnInd- PwrInd- PwrCtrl+ MRL- Interlock- NoCompl+ LLActRep+
[    0.914405] pciehp 0000:00:16.4:pcie04: service driver pciehp loaded
[    0.914432] pciehp 0000:00:16.5:pcie04: Slot #197 AttnBtn+ AttnInd- PwrInd- PwrCtrl+ MRL- Interlock- NoCompl+ LLActRep+
[    0.914484] pciehp 0000:00:16.5:pcie04: service driver pciehp loaded
[    0.914518] pciehp 0000:00:16.6:pcie04: Slot #198 AttnBtn+ AttnInd- PwrInd- PwrCtrl+ MRL- Interlock- NoCompl+ LLActRep+
[    0.914568] pciehp 0000:00:16.6:pcie04: service driver pciehp loaded
[    0.914595] pciehp 0000:00:16.7:pcie04: Slot #199 AttnBtn+ AttnInd- PwrInd- PwrCtrl+ MRL- Interlock- NoCompl+ LLActRep+
[    0.914646] pciehp 0000:00:16.7:pcie04: service driver pciehp loaded
[    0.914673] pciehp 0000:00:17.0:pcie04: Slot #224 AttnBtn+ AttnInd- PwrInd- PwrCtrl+ MRL- Interlock- NoCompl+ LLActRep+
[    0.914724] pciehp 0000:00:17.0:pcie04: service driver pciehp loaded
[    0.914751] pciehp 0000:00:17.1:pcie04: Slot #225 AttnBtn+ AttnInd- PwrInd- PwrCtrl+ MRL- Interlock- NoCompl+ LLActRep+
[    0.914802] pciehp 0000:00:17.1:pcie04: service driver pciehp loaded
[    0.914829] pciehp 0000:00:17.2:pcie04: Slot #226 AttnBtn+ AttnInd- PwrInd- PwrCtrl+ MRL- Interlock- NoCompl+ LLActRep+
[    0.914879] pciehp 0000:00:17.2:pcie04: service driver pciehp loaded
